Archive member included to satisfy reference by file (symbol)

C:/Users/Josh/ModusToolbox_1.1/libraries/bt_sdk-1.1/components/BT-SDK/208XX-A1_Bluetooth/WICED/libraries/ofu_ds2_lib.a(ofu_ds2_lib.o)
                              ./libraries/fw_upgrade_lib/fw_update_copy_sflash.o (wiced_ofu_pet_watchdog)
C:/Users/Josh/ModusToolbox_1.1/libraries/bt_sdk-1.1/components/BT-SDK/208XX-A1_Bluetooth/WICED/libraries/mesh_core_lib.a(mesh_core.o)
                              ./libraries/mesh_app_lib/mesh_app_gatt.o (wiced_bt_mesh_core_proxy_packet)
C:/Users/Josh/ModusToolbox_1.1/libraries/bt_sdk-1.1/components/BT-SDK/208XX-A1_Bluetooth/WICED/libraries/mesh_core_lib.a(pb_transport.o)
                              C:/Users/Josh/ModusToolbox_1.1/libraries/bt_sdk-1.1/components/BT-SDK/208XX-A1_Bluetooth/WICED/libraries/mesh_core_lib.a(mesh_core.o) (pb_transport_close)
C:/Users/Josh/ModusToolbox_1.1/libraries/bt_sdk-1.1/components/BT-SDK/208XX-A1_Bluetooth/WICED/libraries/mesh_core_lib.a(provisioning.o)
                              ./libraries/mesh_app_lib/mesh_app_provision_server.o (wiced_bt_mesh_core_provision_server_init)
C:/Users/Josh/ModusToolbox_1.1/libraries/bt_sdk-1.1/components/BT-SDK/208XX-A1_Bluetooth/WICED/libraries/mesh_core_lib.a(ecdh.o)
                              C:/Users/Josh/ModusToolbox_1.1/libraries/bt_sdk-1.1/components/BT-SDK/208XX-A1_Bluetooth/WICED/libraries/mesh_core_lib.a(provisioning.o) (ecdh_init_curve)
C:/Users/Josh/ModusToolbox_1.1/libraries/bt_sdk-1.1/components/BT-SDK/208XX-A1_Bluetooth/WICED/libraries/mesh_core_lib.a(core_aes_ccm.o)
                              C:/Users/Josh/ModusToolbox_1.1/libraries/bt_sdk-1.1/components/BT-SDK/208XX-A1_Bluetooth/WICED/libraries/mesh_core_lib.a(provisioning.o) (mesh_core_ccm_crypt_nonce_r)
C:/Users/Josh/ModusToolbox_1.1/libraries/bt_sdk-1.1/components/BT-SDK/208XX-A1_Bluetooth/WICED/libraries/mesh_core_lib.a(lower_transport_layer.o)
                              C:/Users/Josh/ModusToolbox_1.1/libraries/bt_sdk-1.1/components/BT-SDK/208XX-A1_Bluetooth/WICED/libraries/mesh_core_lib.a(mesh_core.o) (lower_transport_layer_cache_valid)
C:/Users/Josh/ModusToolbox_1.1/libraries/bt_sdk-1.1/components/BT-SDK/208XX-A1_Bluetooth/WICED/libraries/mesh_core_lib.a(upper_transport_layer.o)
                              C:/Users/Josh/ModusToolbox_1.1/libraries/bt_sdk-1.1/components/BT-SDK/208XX-A1_Bluetooth/WICED/libraries/mesh_core_lib.a(lower_transport_layer.o) (upper_transport_layer_handle_heartbeat)
C:/Users/Josh/ModusToolbox_1.1/libraries/bt_sdk-1.1/components/BT-SDK/208XX-A1_Bluetooth/WICED/libraries/mesh_core_lib.a(key_refresh.o)
                              C:/Users/Josh/ModusToolbox_1.1/libraries/bt_sdk-1.1/components/BT-SDK/208XX-A1_Bluetooth/WICED/libraries/mesh_core_lib.a(mesh_core.o) (key_refresh_handle_beacon)
C:/Users/Josh/ModusToolbox_1.1/libraries/bt_sdk-1.1/components/BT-SDK/208XX-A1_Bluetooth/WICED/libraries/mesh_core_lib.a(network_layer.o)
                              C:/Users/Josh/ModusToolbox_1.1/libraries/bt_sdk-1.1/components/BT-SDK/208XX-A1_Bluetooth/WICED/libraries/mesh_core_lib.a(mesh_core.o) (p_mesh_core_config)
C:/Users/Josh/ModusToolbox_1.1/libraries/bt_sdk-1.1/components/BT-SDK/208XX-A1_Bluetooth/WICED/libraries/mesh_core_lib.a(access_layer.o)
                              C:/Users/Josh/ModusToolbox_1.1/libraries/bt_sdk-1.1/components/BT-SDK/208XX-A1_Bluetooth/WICED/libraries/mesh_core_lib.a(mesh_core.o) (access_layer_send)
C:/Users/Josh/ModusToolbox_1.1/libraries/bt_sdk-1.1/components/BT-SDK/208XX-A1_Bluetooth/WICED/libraries/mesh_core_lib.a(iv_updt.o)
                              C:/Users/Josh/ModusToolbox_1.1/libraries/bt_sdk-1.1/components/BT-SDK/208XX-A1_Bluetooth/WICED/libraries/mesh_core_lib.a(lower_transport_layer.o) (iv_updt_segments_sent)
C:/Users/Josh/ModusToolbox_1.1/libraries/bt_sdk-1.1/components/BT-SDK/208XX-A1_Bluetooth/WICED/libraries/mesh_core_lib.a(foundation.o)
                              ./libraries/mesh_app_lib/mesh_application.o (wiced_bt_mesh_get_node_config_size)
C:/Users/Josh/ModusToolbox_1.1/libraries/bt_sdk-1.1/components/BT-SDK/208XX-A1_Bluetooth/WICED/libraries/mesh_core_lib.a(foundation_cfg_model.o)
                              C:/Users/Josh/ModusToolbox_1.1/libraries/bt_sdk-1.1/components/BT-SDK/208XX-A1_Bluetooth/WICED/libraries/mesh_core_lib.a(foundation.o) (foundation_write_config_)
C:/Users/Josh/ModusToolbox_1.1/libraries/bt_sdk-1.1/components/BT-SDK/208XX-A1_Bluetooth/WICED/libraries/mesh_core_lib.a(foundation_crt_msg.o)
                              C:/Users/Josh/ModusToolbox_1.1/libraries/bt_sdk-1.1/components/BT-SDK/208XX-A1_Bluetooth/WICED/libraries/mesh_core_lib.a(key_refresh.o) (key_refresh_crt_key_refresh_phase_status_msg)
C:/Users/Josh/ModusToolbox_1.1/libraries/bt_sdk-1.1/components/BT-SDK/208XX-A1_Bluetooth/WICED/libraries/mesh_core_lib.a(foundation_heartbeat.o)
[...]
Memory Configuration

Name             Origin             Length             Attributes
ram              0x0020fac0         0x00060140         xrw
aon              0x002031f4         0x00001380         xrw
static_section   0x00500c00         0x00000400         r
xip_section_ds2  0x0053e000         0x00002000         xr
xip_section      0x00511500         0x0002cb00         xr
log_section      0x81000004         0x00100000         r
*default*        0x00000000         0xffffffff

Linker script and memory map

LOAD C:/Users/Josh/ModusToolbox_1.1/libraries/bt_sdk-1.1/components/BT-SDK/208XX-A1_Bluetooth/WICED/internal/20819A1/patches/patch.elf
START GROUP
LOAD ./libraries/mesh_app_lib/mesh_app_gatt.o
LOAD ./libraries/mesh_app_lib/mesh_app_hci.o
LOAD ./libraries/mesh_app_lib/mesh_app_provision_server.o
LOAD ./libraries/mesh_app_lib/mesh_application.o
LOAD ./libraries/mesh_app_lib/wiced_bt_cfg.o
LOAD ./libraries/fw_upgrade_lib/ecc_pp.o
LOAD ./libraries/fw_upgrade_lib/fw_update_copy_sflash.o
LOAD ./libraries/fw_upgrade_lib/fw_upgrade.o
LOAD ./libraries/fw_upgrade_lib/ota_fw_upgrade.o
LOAD ./libraries/fw_upgrade_lib/ota_fw_upgrade_common.o
LOAD ./libraries/fw_upgrade_lib/sha256.o
LOAD ./bt_sdk-1.1/components/BT-SDK/208XX-A1_Bluetooth/WICED/common/spar_setup.o
LOAD ./GeneratedSource/cycfg.o
LOAD ./GeneratedSource/cycfg_pins.o
LOAD ./GeneratedSource/cycfg_routing.o
LOAD ./20819/generated/lib_installer.o
LOAD ./led_control.o
LOAD ./main.o
LOAD ./wiced_platform.o
LOAD C:/Users/Josh/ModusToolbox_1.1/libraries/bt_sdk-1.1/components/BT-SDK/208XX-A1_Bluetooth/WICED/libraries/adc_audio_lib.a
LOAD C:/Users/Josh/ModusToolbox_1.1/libraries/bt_sdk-1.1/components/BT-SDK/208XX-A1_Bluetooth/WICED/libraries/multi_adv_lib.a
LOAD C:/Users/Josh/ModusToolbox_1.1/libraries/bt_sdk-1.1/components/BT-SDK/208XX-A1_Bluetooth/WICED/libraries/wiced_ble_pre_init_lib.a
LOAD C:/Users/Josh/ModusToolbox_1.1/libraries/bt_sdk-1.1/components/BT-SDK/208XX-A1_Bluetooth/WICED/libraries/wiced_hidd_lib.a
LOAD C:/Users/Josh/ModusToolbox_1.1/libraries/bt_sdk-1.1/components/BT-SDK/208XX-A1_Bluetooth/WICED/libraries/celt_lib.a
LOAD C:/Users/Josh/ModusToolbox_1.1/libraries/bt_sdk-1.1/components/BT-SDK/208XX-A1_Bluetooth/WICED/libraries/air_motion.a
LOAD C:/Users/Josh/ModusToolbox_1.1/libraries/bt_sdk-1.1/components/BT-SDK/208XX-A1_Bluetooth/WICED/libraries/adpcm_lib.a
LOAD C:/Users/Josh/ModusToolbox_1.1/libraries/bt_sdk-1.1/components/BT-SDK/208XX-A1_Bluetooth/WICED/libraries/ofu_ds2_lib.a
LOAD C:/Users/Josh/ModusToolbox_1.1/libraries/bt_sdk-1.1/components/BT-SDK/208XX-A1_Bluetooth/WICED/libraries/mesh_core_lib.a
LOAD C:/Users/Josh/ModusToolbox_1.1/libraries/bt_sdk-1.1/components/BT-SDK/208XX-A1_Bluetooth/WICED/libraries/mesh_models_lib.a
LOAD C:/Users/Josh/ModusToolbox_1.1/libraries/bt_sdk-1.1/components/BT-SDK/208XX-A1_Bluetooth/WICED/libraries/mesh_provisioner_lib.a
LOAD c:/users/josh/modustoolbox_1.1/tools/gcc-7.2.1-1.0/bin/../lib/gcc/arm-none-eabi/7.2.1/thumb/v7e-m\libgcc.a
END GROUP
                0x00000000                PROVIDE (spar_irom_length, (spar_irom_end - spar_irom_begin))
                0x0000110c                PROVIDE (spar_iram_length, (spar_iram_end - spar_iram_begin))
                0x000004d8                PROVIDE (spar_iram_data_length, (spar_iram_data_end - spar_iram_data_begin))
                0x00000c34                PROVIDE (spar_iram_bss_length, (spar_iram_bss_end - spar_iram_bss_begin))
                0x0020fac0                spar_irom_begin = 0x20fac0

.app_xip_area_ds2
                0x0053e000      0x634
 CREATE_OBJECT_SYMBOLS
                0x0053e000                ds2_xip_begin = .
 */fw_update_copy_sflash.o(.rodata .rodata.* .constdata* .gnu.linkonce.r.*)
 .rodata        0x0053e000       0x1a ./libraries/fw_upgrade_lib/fw_update_copy_sflash.o
 .rodata.str1.1
                0x0053e01a      0x191 ./libraries/fw_upgrade_lib/fw_update_copy_sflash.o
 */fw_update_copy_sflash.o(.text.* .gnu.linkonce.t.*)
 *fill*         0x0053e1ab        0x1 
 .text.init_wiced_firmware_update_copy_sflash
                0x0053e1ac       0x10 ./libraries/fw_upgrade_lib/fw_update_copy_sflash.o
                0x0053e1ac                init_wiced_firmware_update_copy_sflash
 .text.switch_stack
                0x0053e1bc        0x4 ./libraries/fw_upgrade_lib/fw_update_copy_sflash.o
                0x0053e1bc                switch_stack
 .text.read_ofu_data
                0x0053e1c0       0x3c ./libraries/fw_upgrade_lib/fw_update_copy_sflash.o
                0x0053e1c0                read_ofu_data
 .text.wiced_firmware_update_copy_sflash
                0x0053e1fc      0x1d4 ./libraries/fw_upgrade_lib/fw_update_copy_sflash.o
                0x0053e1fc                wiced_firmware_update_copy_sflash
 .text.wiced_firmware_update_copy_sflash_start
                0x0053e3d0       0x30 ./libraries/fw_upgrade_lib/fw_update_copy_sflash.o
                0x0053e3d0                wiced_firmware_update_copy_sflash_start
 */ofu_ds2_lib.a(.rodata .rodata.* .constdata* .gnu.linkonce.r.*)
 */ofu_ds2_lib.a:*()
 .text          0x0053e400      0x1e8 C:/Users/Josh/ModusToolbox_1.1/libraries/bt_sdk-1.1/components/BT-SDK/208XX-A1_Bluetooth/WICED/libraries/ofu_ds2_lib.a(ofu_ds2_lib.o)
                0x0053e400                wiced_ofu_pet_watchdog
                0x0053e404                wiced_ofu_reset_device
                0x0053e426                wiced_ofu_sflash_init
                0x0053e462                wiced_ofu_get_ds1_offset
                0x0053e46c                wiced_ofu_set_post_config_callback
                0x0053e472                wiced_ofu_get_external_storage_context_size
                0x0053e478                rand128
                0x0053e48e                wiced_ofu_new_external_storage_key
                0x0053e4bc                wiced_ofu_store_external_storage_key
                0x0053e4e2                wiced_ofu_restore_external_storage_key
                0x0053e52c                wiced_ofu_crypt
                0x0053e5c0                wiced_ofu_store_image_length
                0x0053e5c4                wiced_ofu_get_image_length
 .arm_vfe_header
                0x0053e5e8        0x4 C:/Users/Josh/ModusToolbox_1.1/libraries/bt_sdk-1.1/components/BT-SDK/208XX-A1_Bluetooth/WICED/libraries/ofu_ds2_lib.a(ofu_ds2_lib.o)
 .ARM.attributes
                0x0053e5ec       0x48 C:/Users/Josh/ModusToolbox_1.1/libraries/bt_sdk-1.1/components/BT-SDK/208XX-A1_Bluetooth/WICED/libraries/ofu_ds2_lib.a(ofu_ds2_lib.o)
                0x0053e634                ds2_xip_end = .

.app_ram_area_ds2
                0x0020fac0        0x0
 CREATE_OBJECT_SYMBOLS
                0x0020fac0                ds2_ram_begin = .
 */fw_update_copy_sflash.o(.data .data.* .gnu.linkonce.d.* .bss .bss.* .gnu.linkonce.b.*)
 .data          0x0020fac0        0x0 ./libraries/fw_upgrade_lib/fw_update_copy_sflash.o
 .bss           0x0020fac0        0x0 ./libraries/fw_upgrade_lib/fw_update_copy_sflash.o
                0x0020fac0                ds2_ram_end = .

.app_xip_area   0x00511500    0x14322
 CREATE_OBJECT_SYMBOLS
                0x00511500                xip_area_begin = .
 */mesh_level_server.o(.text.* .gnu.linkonce.t.* .rodata .constdata* .rodata.* .gnu.linkonce.r.*)
 */spar_setup.o(.text.* .gnu.linkonce.t.* .rodata .constdata* .rodata.* .gnu.linkonce.r.*)
 */wiced_platform.o(.text.* .gnu.linkonce.t.* .rodata .constdata* .rodata.* .gnu.linkonce.r.*)
 .text.wiced_platform_register_button_callback
                0x00511500       0x44 ./wiced_platform.o
                0x00511500                wiced_platform_register_button_callback
 .text.wiced_platform_init
                0x00511544       0xac ./wiced_platform.o
                0x00511544                wiced_platform_init
 */wiced_platform_pin_config.o(.text.* .gnu.linkonce.t.* .rodata .constdata* .rodata.* .gnu.linkonce.r.*)
 */lib_installer.o(.text.* .gnu.linkonce.t.* .rodata .constdata* .rodata.* .gnu.linkonce.r.*)
 .text.install_libs
                0x005115f0        0x2 ./20819/generated/lib_installer.o
                0x005115f0                install_libs
 *(.pisec_*)
 *(.data_in_xip_area)
 *(.dsp_pram_section)
 *(.app_init_code)
 *fill*         0x005115f2        0x2 
 .app_init_code
                0x005115f4       0x20 ./bt_sdk-1.1/components/BT-SDK/208XX-A1_Bluetooth/WICED/common/spar_setup.o
                0x005115f4                application_start_internal
 *(.emb_text)
 *(.text)
 *(EmHeAacDec)
 *(.text.*)
 .text.get_attribute_
                0x00511614       0x38 ./libraries/mesh_app_lib/mesh_app_gatt.o
 .text.mesh_write_handler
                0x0051164c      0x178 ./libraries/mesh_app_lib/mesh_app_gatt.o
 .text.mesh_ota_firmware_upgrade_send_data_callback
                0x005117c4       0x8c ./libraries/mesh_app_lib/mesh_app_gatt.o
                0x005117c4                mesh_ota_firmware_upgrade_send_data_callback
 .text.mesh_app_gatt_init
                0x00511850       0x28 ./libraries/mesh_app_lib/mesh_app_gatt.o
                0x00511850                mesh_app_gatt_init
 .text.mesh_app_gatt_db_init
                0x00511878       0x48 ./libraries/mesh_app_lib/mesh_app_gatt.o
                0x00511878                mesh_app_gatt_db_init
 .text.mesh_cfm_handler
                0x005118c0       0x18 ./libraries/mesh_app_lib/mesh_app_gatt.o
                0x005118c0                mesh_cfm_handler
 .text.mesh_gatts_req_cb
                0x005118d8      0x184 ./libraries/mesh_app_lib/mesh_app_gatt.o
                0x005118d8                mesh_gatts_req_cb
 .text.mesh_gatts_callback
                0x00511a5c       0xa4 ./libraries/mesh_app_lib/mesh_app_gatt.o
                0x00511a5c                mesh_gatts_callback
 .text.mesh_app_gatt_is_connected
                0x00511b00       0x10 ./libraries/mesh_app_lib/mesh_app_gatt.o
                0x00511b00                mesh_app_gatt_is_connected
 .text.mesh_app_proxy_gatt_send_cb
                0x00511b10       0x98 ./libraries/mesh_app_lib/mesh_app_gatt.o
                0x00511b10                mesh_app_proxy_gatt_send_cb
 .text.mesh_application_proc_rx_cmd
                0x00511ba8       0x58 ./libraries/mesh_app_lib/mesh_app_hci.o
                0x00511ba8                mesh_application_proc_rx_cmd
 .text.mesh_hci_trace_cback
                0x00511c00       0x2c ./libraries/mesh_app_lib/mesh_app_hci.o
 .text.mesh_app_hci_init
                0x00511c2c       0xa0 ./libraries/mesh_app_lib/mesh_app_hci.o
                0x00511c2c                mesh_app_hci_init
 .text._deb_print_buf_use
                0x00511ccc       0x84 ./libraries/mesh_app_lib/mesh_app_hci.o
                0x00511ccc                _deb_print_buf_use
 .text.mesh_app_timer
                0x00511d50       0x24 ./libraries/mesh_app_lib/mesh_app_hci.o
 .text.mesh_app_hci_send_seq_changed
                0x00511d74       0x40 ./libraries/mesh_app_lib/mesh_app_hci.o
                0x00511d74                mesh_app_hci_send_seq_changed
 .text.mesh_app_hci_sleep
                0x00511db4       0x24 ./libraries/mesh_app_lib/mesh_app_hci.o
                0x00511db4                mesh_app_hci_sleep
 .text.mesh_app_provision_get_oob
                0x00511dd8       0x28 ./libraries/mesh_app_lib/mesh_app_provision_server.o
 .text.mesh_app_provision_gatt_send_cb
                0x00511e00       0x2c ./libraries/mesh_app_lib/mesh_app_provision_server.o
 .text.mesh_app_provision_started
                0x00511e2c       0x2c ./libraries/mesh_app_lib/mesh_app_provision_server.o
 .text.mesh_app_provision_get_capabilities
                0x00511e58       0x88 ./libraries/mesh_app_lib/mesh_app_provision_server.o
 .text.mesh_app_provision_end
                0x00511ee0       0x74 ./libraries/mesh_app_lib/mesh_app_provision_server.o
 .text.wiced_bt_mesh_app_provision_server_init
                0x00511f54       0x38 ./libraries/mesh_app_lib/mesh_app_provision_server.o
                0x00511f54                wiced_bt_mesh_app_provision_server_init
 .text.number_of_elements_with_model
                0x00511f8c       0x50 ./libraries/mesh_app_lib/mesh_application.o
 .text.mesh_ota_firmware_upgrade_status_callback
                0x00511fdc       0x1c ./libraries/mesh_app_lib/mesh_application.o
                0x00511fdc                mesh_ota_firmware_upgrade_status_callback
 .text.get_msg_handler_callback
                0x00511ff8      0x158 ./libraries/mesh_app_lib/mesh_application.o
 .text.mesh_start_stop_scan_callback
                0x00512150       0xb0 ./libraries/mesh_app_lib/mesh_application.o
 .text.mesh_adv_report
                0x00512200       0x18 ./libraries/mesh_app_lib/mesh_application.o
 .text.mesh_nvram_access
                0x00512218       0x38 ./libraries/mesh_app_lib/mesh_application.o
 .text.mesh_fault_test
                0x00512250       0x64 ./libraries/mesh_app_lib/mesh_application.o
 .text.mesh_publication_callback
                0x005122b4       0xe8 ./libraries/mesh_app_lib/mesh_application.o
 .text.application_start
                0x0051239c      0x200 ./libraries/mesh_app_lib/mesh_application.o
                0x0051239c                application_start
 .text.mesh_application_factory_reset
                0x0051259c       0x38 ./libraries/mesh_app_lib/mesh_application.o
                0x0051259c                mesh_application_factory_reset
 .text.mesh_interrupt_handler
                0x005125d4       0x1c ./libraries/mesh_app_lib/mesh_application.o
 .text.mesh_state_changed_cb
                0x005125f0      0x260 ./libraries/mesh_app_lib/mesh_application.o
 .text.mesh_application_init
                0x00512850      0x2f0 ./libraries/mesh_app_lib/mesh_application.o
                0x00512850                mesh_application_init
 .text.mesh_management_cback
                0x00512b40       0x7c ./libraries/mesh_app_lib/mesh_application.o
                0x00512b40                mesh_management_cback
 .text.mesh_app_node_is_provisioned
                0x00512bbc        0xc ./libraries/mesh_app_lib/mesh_application.o
                0x00512bbc                mesh_app_node_is_provisioned
 .text.ECC_Add_
                0x00512bc8      0x178 ./libraries/fw_upgrade_lib/ecc_pp.o
                0x00512bc8                ECC_Add_
 .text.MP_InvMod_
                0x00512d40      0x1b0 ./libraries/fw_upgrade_lib/ecc_pp.o
                0x00512d40                MP_InvMod_
 .text.ecdsa_verify_
                0x00512ef0      0x238 ./libraries/fw_upgrade_lib/ecc_pp.o
                0x00512ef0                ecdsa_verify_
 .text.wiced_firmware_upgrade_init
                0x00513128       0x60 ./libraries/fw_upgrade_lib/fw_upgrade.o
                0x00513128                wiced_firmware_upgrade_init
 .text.wiced_firmware_upgrade_init_nv_locations
                0x00513188       0x54 ./libraries/fw_upgrade_lib/fw_upgrade.o
                0x00513188                wiced_firmware_upgrade_init_nv_locations
 .text.firmware_upgrade_switch_eflash_active_ds
                0x005131dc       0xb0 ./libraries/fw_upgrade_lib/fw_upgrade.o
                0x005131dc                firmware_upgrade_switch_eflash_active_ds
 .text.firmware_upgrade_switch_sflash_active_ds
                0x0051328c       0x90 ./libraries/fw_upgrade_lib/fw_upgrade.o
                0x0051328c                firmware_upgrade_switch_sflash_active_ds
 .text.firmware_upgrade_switch_active_ds
                0x0051331c       0x24 ./libraries/fw_upgrade_lib/fw_upgrade.o
                0x0051331c                firmware_upgrade_switch_active_ds
 .text.wiced_firmware_upgrade_finish
                0x00513340       0x50 ./libraries/fw_upgrade_lib/fw_upgrade.o
                0x00513340                wiced_firmware_upgrade_finish
 .text.fw_upgrade_erase_sector
                0x00513390       0x48 ./libraries/fw_upgrade_lib/fw_upgrade.o
                0x00513390                fw_upgrade_erase_sector
 .text.fw_upgrade_read_mem
                0x005133d8       0x44 ./libraries/fw_upgrade_lib/fw_upgrade.o
                0x005133d8                fw_upgrade_read_mem
 .text.wiced_firmware_upgrade_retrieve_from_nv
                0x0051341c       0x74 ./libraries/fw_upgrade_lib/fw_upgrade.o
                0x0051341c                wiced_firmware_upgrade_retrieve_from_nv
 .text.fw_upgrade_write_mem
                0x00513490       0x40 ./libraries/fw_upgrade_lib/fw_upgrade.o
                0x00513490                fw_upgrade_write_mem
 .text.wiced_firmware_upgrade_store_to_nv
                0x005134d0       0xc0 ./libraries/fw_upgrade_lib/fw_upgrade.o
                0x005134d0                wiced_firmware_upgrade_store_to_nv
 .text.ota_fw_upgrade_reset_timeout
                0x00513590       0x58 ./libraries/fw_upgrade_lib/ota_fw_upgrade.o
 .text.ota_fw_upgrade_send_notification.constprop.2
                0x005135e8       0x70 ./libraries/fw_upgrade_lib/ota_fw_upgrade.o
 .text.wiced_ota_fw_upgrade_read_handler
                0x00513658       0x50 ./libraries/fw_upgrade_lib/ota_fw_upgrade.o
                0x00513658                wiced_ota_fw_upgrade_read_handler
 .text.wiced_ota_fw_upgrade_write_handler
                0x005136a8      0x500 ./libraries/fw_upgrade_lib/ota_fw_upgrade.o
                0x005136a8                wiced_ota_fw_upgrade_write_handler
 .text.wiced_ota_fw_upgrade_indication_cfm_handler
                0x00513ba8       0x8c ./libraries/fw_upgrade_lib/ota_fw_upgrade.o
                0x00513ba8                wiced_ota_fw_upgrade_indication_cfm_handler
 .text.wiced_ota_fw_upgrade_connection_status_event
                0x00513c34       0x20 ./libraries/fw_upgrade_lib/ota_fw_upgrade_common.o
                0x00513c34                wiced_ota_fw_upgrade_connection_status_event
 .text.wiced_ota_fw_upgrade_init
                0x00513c54       0xb4 ./libraries/fw_upgrade_lib/ota_fw_upgrade_common.o
                0x00513c54                wiced_ota_fw_upgrade_init
 .text.ota_fw_upgrade_verify
                0x00513d08       0x88 ./libraries/fw_upgrade_lib/ota_fw_upgrade_common.o
                0x00513d08                ota_fw_upgrade_verify
 .text.dump_hex
                0x00513d90       0x80 ./libraries/fw_upgrade_lib/ota_fw_upgrade_common.o
                0x00513d90                dump_hex
 .text.ota_sec_fw_upgrade_verify
                0x00513e10      0x134 ./libraries/fw_upgrade_lib/ota_fw_upgrade_common.o
                0x00513e10                ota_sec_fw_upgrade_verify
 .text.mbedtls_sha256_init
                0x00513f44        0xc ./libraries/fw_upgrade_lib/sha256.o
                0x00513f44                mbedtls_sha256_init
 .text.mbedtls_sha256_starts_ret
                0x00513f50       0xa4 ./libraries/fw_upgrade_lib/sha256.o
                0x00513f50                mbedtls_sha256_starts_ret
 .text.mbedtls_internal_sha256_process
                0x00513ff4      0x6c8 ./libraries/fw_upgrade_lib/sha256.o
                0x00513ff4                mbedtls_internal_sha256_process
 .text.mbedtls_sha256_update_ret
                0x005146bc       0x84 ./libraries/fw_upgrade_lib/sha256.o
                0x005146bc                mbedtls_sha256_update_ret
 .text.mbedtls_sha256_finish_ret
                0x00514740      0x134 ./libraries/fw_upgrade_lib/sha256.o
                0x00514740                mbedtls_sha256_finish_ret
 .text.led_control_init
                0x00514874       0x50 ./led_control.o
                0x00514874                led_control_init
 .text.led_control_set_onoff
                0x005148c4       0x40 ./led_control.o
                0x005148c4                led_control_set_onoff
 .text.led_control_toggle_onoff
                0x00514904       0x2c ./led_control.o
                0x00514904                led_control_toggle_onoff
 .text.main_initilise
                0x00514930       0xc8 ./main.o
 .text.josh_mesh_server_message_handler
                0x005149f8       0x68 ./main.o
                0x005149f8                josh_mesh_server_message_handler
 .text.main_timer_handler
                0x00514a60       0x94 ./main.o
 .text.mesh_find_filter_addr
                0x00514af4       0x34 C:/Users/Josh/ModusToolbox_1.1/libraries/bt_sdk-1.1/components/BT-SDK/208XX-A1_Bluetooth/WICED/libraries/mesh_core_lib.a(mesh_core.o)
                0x00514af4                mesh_find_filter_addr
 .text.mesh_core_seq_changed_callback
                0x00514b28       0x24 C:/Users/Josh/ModusToolbox_1.1/libraries/bt_sdk-1.1/components/BT-SDK/208XX-A1_Bluetooth/WICED/libraries/mesh_core_lib.a(mesh_core.o)
                0x00514b28                mesh_core_seq_changed_callback
 .text.mesh_core_delayed_beacon_timer_callback
                0x00514b4c       0x14 C:/Users/Josh/ModusToolbox_1.1/libraries/bt_sdk-1.1/components/BT-SDK/208XX-A1_Bluetooth/WICED/libraries/mesh_core_lib.a(mesh_core.o)
                0x00514b4c                mesh_core_delayed_beacon_timer_callback
 .text.mesh_core_proxy_reassembly_timer_callback
                0x00514b60       0x10 C:/Users/Josh/ModusToolbox_1.1/libraries/bt_sdk-1.1/components/BT-SDK/208XX-A1_Bluetooth/WICED/libraries/mesh_core_lib.a(mesh_core.o)
                0x00514b60                mesh_core_proxy_reassembly_timer_callback
 .text.wiced_bt_mesh_core_stop_advert
                0x00514b70       0x68 C:/Users/Josh/ModusToolbox_1.1/libraries/bt_sdk-1.1/components/BT-SDK/208XX-A1_Bluetooth/WICED/libraries/mesh_core_lib.a(mesh_core.o)
                0x00514b70                wiced_bt_mesh_core_stop_advert
 .text.mesh_core_reboot_delay_timer_callback_
                0x00514bd8        0x8 C:/Users/Josh/ModusToolbox_1.1/libraries/bt_sdk-1.1/components/BT-SDK/208XX-A1_Bluetooth/WICED/libraries/mesh_core_lib.a(mesh_core.o)
                0x00514bd8                mesh_core_reboot_delay_timer_callback_
 .text.send_adv
                0x00514be0       0x1c C:/Users/Josh/ModusToolbox_1.1/libraries/bt_sdk-1.1/components/BT-SDK/208XX-A1_Bluetooth/WICED/libraries/mesh_core_lib.a(mesh_core.o)
                0x00514be0                send_adv
 .text.mesh_core_handle_sec_net_broadcast_beacon
                0x00514bfc      0x140 C:/Users/Josh/ModusToolbox_1.1/libraries/bt_sdk-1.1/components/BT-SDK/208XX-A1_Bluetooth/WICED/libraries/mesh_core_lib.a(mesh_core.o)
                0x00514bfc                mesh_core_handle_sec_net_broadcast_beacon
 .text.mesh_core_can_send_notification
                0x00514d3c       0x48 C:/Users/Josh/ModusToolbox_1.1/libraries/bt_sdk-1.1/components/BT-SDK/208XX-A1_Bluetooth/WICED/libraries/mesh_core_lib.a(mesh_core.o)
                0x00514d3c                mesh_core_can_send_notification
 .text.mesh_core_send_message_over_proxy_connection
                0x00514d84       0x48 C:/Users/Josh/ModusToolbox_1.1/libraries/bt_sdk-1.1/components/BT-SDK/208XX-A1_Bluetooth/WICED/libraries/mesh_core_lib.a(mesh_core.o)
                0x00514d84                mesh_core_send_message_over_proxy_connection
 .text.split_proxy
                0x00514dcc       0x84 C:/Users/Josh/ModusToolbox_1.1/libraries/bt_sdk-1.1/components/BT-SDK/208XX-A1_Bluetooth/WICED/libraries/mesh_core_lib.a(mesh_core.o)
                0x00514dcc                split_proxy
 .text.mesh_send_message
                0x00514e50       0xf4 C:/Users/Josh/ModusToolbox_1.1/libraries/bt_sdk-1.1/components/BT-SDK/208XX-A1_Bluetooth/WICED/libraries/mesh_core_lib.a(mesh_core.o)
                0x00514e50                mesh_send_message
 .text.handle_beacon
                0x00514f44       0x1c C:/Users/Josh/ModusToolbox_1.1/libraries/bt_sdk-1.1/components/BT-SDK/208XX-A1_Bluetooth/WICED/libraries/mesh_core_lib.a(mesh_core.o)
                0x00514f44                handle_beacon
 .text.handle_proxy_frag
                0x00514f60       0xa4 C:/Users/Josh/ModusToolbox_1.1/libraries/bt_sdk-1.1/components/BT-SDK/208XX-A1_Bluetooth/WICED/libraries/mesh_core_lib.a(mesh_core.o)
                0x00514f60                handle_proxy_frag
 .text.wiced_bt_mesh_core_proxy_packet
                0x00515004       0x84 C:/Users/Josh/ModusToolbox_1.1/libraries/bt_sdk-1.1/components/BT-SDK/208XX-A1_Bluetooth/WICED/libraries/mesh_core_lib.a(mesh_core.o)
                0x00515004                wiced_bt_mesh_core_proxy_packet
 .text.mesh_start_mesh
                0x00515088       0x20 C:/Users/Josh/ModusToolbox_1.1/libraries/bt_sdk-1.1/components/BT-SDK/208XX-A1_Bluetooth/WICED/libraries/mesh_core_lib.a(mesh_core.o)
                0x00515088                mesh_start_mesh
 .text.mesh_core_rpl_save
                0x005150a8       0x40 C:/Users/Josh/ModusToolbox_1.1/libraries/bt_sdk-1.1/components/BT-SDK/208XX-A1_Bluetooth/WICED/libraries/mesh_core_lib.a(mesh_core.o)
                0x005150a8                mesh_core_rpl_save
 .text.mesh_core_rpl_init
                0x005150e8       0x30 C:/Users/Josh/ModusToolbox_1.1/libraries/bt_sdk-1.1/components/BT-SDK/208XX-A1_Bluetooth/WICED/libraries/mesh_core_lib.a(mesh_core.o)
                0x005150e8                mesh_core_rpl_init
 .text.mesh_core_rpl_clear
                0x00515118       0x98 C:/Users/Josh/ModusToolbox_1.1/libraries/bt_sdk-1.1/components/BT-SDK/208XX-A1_Bluetooth/WICED/libraries/mesh_core_lib.a(mesh_core.o)
                0x00515118                mesh_core_rpl_clear
 .text.mesh_core_clear_network_cache_and_rpl
                0x005151b0       0x18 C:/Users/Josh/ModusToolbox_1.1/libraries/bt_sdk-1.1/components/BT-SDK/208XX-A1_Bluetooth/WICED/libraries/mesh_core_lib.a(mesh_core.o)
                0x005151b0                mesh_core_clear_network_cache_and_rpl
 .text.wiced_bt_mesh_core_set_gatt_mtu
                0x005151c8       0x18 C:/Users/Josh/ModusToolbox_1.1/libraries/bt_sdk-1.1/components/BT-SDK/208XX-A1_Bluetooth/WICED/libraries/mesh_core_lib.a(mesh_core.o)
                0x005151c8                wiced_bt_mesh_core_set_gatt_mtu
 .text.wiced_bt_mesh_core_start
                0x005151e0       0x30 C:/Users/Josh/ModusToolbox_1.1/libraries/bt_sdk-1.1/components/BT-SDK/208XX-A1_Bluetooth/WICED/libraries/mesh_core_lib.a(mesh_core.o)
                0x005151e0                wiced_bt_mesh_core_start
 .text.wiced_bt_mesh_core_get_local_addr
                0x00515210        0xc C:/Users/Josh/ModusToolbox_1.1/libraries/bt_sdk-1.1/components/BT-SDK/208XX-A1_Bluetooth/WICED/libraries/mesh_core_lib.a(mesh_core.o)
                0x00515210                wiced_bt_mesh_core_get_local_addr
 .text.wiced_bt_mesh_core_connection_status
                0x0051521c      0x12c C:/Users/Josh/ModusToolbox_1.1/libraries/bt_sdk-1.1/components/BT-SDK/208XX-A1_Bluetooth/WICED/libraries/mesh_core_lib.a(mesh_core.o)
                0x0051521c                wiced_bt_mesh_core_connection_status
 .text.mesh_read_node_info
                0x00515348       0x50 C:/Users/Josh/ModusToolbox_1.1/libraries/bt_sdk-1.1/components/BT-SDK/208XX-A1_Bluetooth/WICED/libraries/mesh_core_lib.a(mesh_core.o)
                0x00515348                mesh_read_node_info
 .text.mesh_read_node_info2
                0x00515398       0x68 C:/Users/Josh/ModusToolbox_1.1/libraries/bt_sdk-1.1/components/BT-SDK/208XX-A1_Bluetooth/WICED/libraries/mesh_core_lib.a(mesh_core.o)
                0x00515398                mesh_read_node_info2
 .text.mesh_write_node_info
                0x00515400       0x28 C:/Users/Josh/ModusToolbox_1.1/libraries/bt_sdk-1.1/components/BT-SDK/208XX-A1_Bluetooth/WICED/libraries/mesh_core_lib.a(mesh_core.o)
                0x00515400                mesh_write_node_info
 .text.mesh_save_node_nv_data
                0x00515428       0x28 C:/Users/Josh/ModusToolbox_1.1/libraries/bt_sdk-1.1/components/BT-SDK/208XX-A1_Bluetooth/WICED/libraries/mesh_core_lib.a(mesh_core.o)
                0x00515428                mesh_save_node_nv_data
 .text.saveNodeNvNetKey
                0x00515450       0x30 C:/Users/Josh/ModusToolbox_1.1/libraries/bt_sdk-1.1/components/BT-SDK/208XX-A1_Bluetooth/WICED/libraries/mesh_core_lib.a(mesh_core.o)
                0x00515450                saveNodeNvNetKey
 .text.saveNodeNvAppKey
                0x00515480       0x30 C:/Users/Josh/ModusToolbox_1.1/libraries/bt_sdk-1.1/components/BT-SDK/208XX-A1_Bluetooth/WICED/libraries/mesh_core_lib.a(mesh_core.o)
                0x00515480                saveNodeNvAppKey
 .text.mesh_write_node_info2
                0x005154b0       0x68 C:/Users/Josh/ModusToolbox_1.1/libraries/bt_sdk-1.1/components/BT-SDK/208XX-A1_Bluetooth/WICED/libraries/mesh_core_lib.a(mesh_core.o)
                0x005154b0                mesh_write_node_info2
 .text.mesh_core_test_mode_signal_network_layer_trnsmit
                0x00515518       0x84 C:/Users/Josh/ModusToolbox_1.1/libraries/bt_sdk-1.1/components/BT-SDK/208XX-A1_Bluetooth/WICED/libraries/mesh_core_lib.a(mesh_core.o)
                0x00515518                mesh_core_test_mode_signal_network_layer_trnsmit
 .text.mesh_core_test_mode_signal_transport_layer_trnsmit
                0x0051559c       0xb4 C:/Users/Josh/ModusToolbox_1.1/libraries/bt_sdk-1.1/components/BT-SDK/208XX-A1_Bluetooth/WICED/libraries/mesh_core_lib.a(mesh_core.o)
                0x0051559c                mesh_core_test_mode_signal_transport_layer_trnsmit
 .text.mesh_core_test_mode_signal_ivupdate_signal_transit
                0x00515650       0x48 C:/Users/Josh/ModusToolbox_1.1/libraries/bt_sdk-1.1/components/BT-SDK/208XX-A1_Bluetooth/WICED/libraries/mesh_core_lib.a(mesh_core.o)
                0x00515650                mesh_core_test_mode_signal_ivupdate_signal_transit
 .text.mesh_core_test_mode_signal_health_set_faults
                0x00515698       0x2c C:/Users/Josh/ModusToolbox_1.1/libraries/bt_sdk-1.1/components/BT-SDK/208XX-A1_Bluetooth/WICED/libraries/mesh_core_lib.a(mesh_core.o)
                0x00515698                mesh_core_test_mode_signal_health_set_faults
 .text.mesh_core_test_mode_signal_access_pdu
                0x005156c4       0xa8 C:/Users/Josh/ModusToolbox_1.1/libraries/bt_sdk-1.1/components/BT-SDK/208XX-A1_Bluetooth/WICED/libraries/mesh_core_lib.a(mesh_core.o)
                0x005156c4                mesh_core_test_mode_signal_access_pdu
 .text.mesh_core_test_mode_signal_send_subs_updt
                0x0051576c       0x1c C:/Users/Josh/ModusToolbox_1.1/libraries/bt_sdk-1.1/components/BT-SDK/208XX-A1_Bluetooth/WICED/libraries/mesh_core_lib.a(mesh_core.o)
                0x0051576c                mesh_core_test_mode_signal_send_subs_updt
 .text.mesh_core_op2be
                0x00515788       0x18 C:/Users/Josh/ModusToolbox_1.1/libraries/bt_sdk-1.1/components/BT-SDK/208XX-A1_Bluetooth/WICED/libraries/mesh_core_lib.a(mesh_core.o)
                0x00515788                mesh_core_op2be
 .text.mesh_clear_node_nv_data
                0x005157a0       0x68 C:/Users/Josh/ModusToolbox_1.1/libraries/bt_sdk-1.1/components/BT-SDK/208XX-A1_Bluetooth/WICED/libraries/mesh_core_lib.a(mesh_core.o)
                0x005157a0                mesh_clear_node_nv_data
 .text.mesh_create_node
                0x00515808      0x1f8 C:/Users/Josh/ModusToolbox_1.1/libraries/bt_sdk-1.1/components/BT-SDK/208XX-A1_Bluetooth/WICED/libraries/mesh_core_lib.a(mesh_core.o)
                0x00515808                mesh_create_node
 .text.mesh_set_iv_index
                0x00515a00       0x28 C:/Users/Josh/ModusToolbox_1.1/libraries/bt_sdk-1.1/components/BT-SDK/208XX-A1_Bluetooth/WICED/libraries/mesh_core_lib.a(mesh_core.o)
                0x00515a00                mesh_set_iv_index
 .text.mesh_set_app_key_and_id
                0x00515a28       0xcc C:/Users/Josh/ModusToolbox_1.1/libraries/bt_sdk-1.1/components/BT-SDK/208XX-A1_Bluetooth/WICED/libraries/mesh_core_lib.a(mesh_core.o)
                0x00515a28                mesh_set_app_key_and_id
 .text.mesh_set_app_key
                0x00515af4       0x34 C:/Users/Josh/ModusToolbox_1.1/libraries/bt_sdk-1.1/components/BT-SDK/208XX-A1_Bluetooth/WICED/libraries/mesh_core_lib.a(mesh_core.o)
                0x00515af4                mesh_set_app_key
 .text.mesh_set_dev_key
                0x00515b28       0x4c C:/Users/Josh/ModusToolbox_1.1/libraries/bt_sdk-1.1/components/BT-SDK/208XX-A1_Bluetooth/WICED/libraries/mesh_core_lib.a(mesh_core.o)
                0x00515b28                mesh_set_dev_key
 .text.mesh_set_net_security
                0x00515b74      0x178 C:/Users/Josh/ModusToolbox_1.1/libraries/bt_sdk-1.1/components/BT-SDK/208XX-A1_Bluetooth/WICED/libraries/mesh_core_lib.a(mesh_core.o)
                0x00515b74                mesh_set_net_security
 .text.mesh_set_net_key
                0x00515cec       0x90 C:/Users/Josh/ModusToolbox_1.1/libraries/bt_sdk-1.1/components/BT-SDK/208XX-A1_Bluetooth/WICED/libraries/mesh_core_lib.a(mesh_core.o)
                0x00515cec                mesh_set_net_key
 .text.mesh_set_dev_addr
                0x00515d7c       0x24 C:/Users/Josh/ModusToolbox_1.1/libraries/bt_sdk-1.1/components/BT-SDK/208XX-A1_Bluetooth/WICED/libraries/mesh_core_lib.a(mesh_core.o)
                0x00515d7c                mesh_set_dev_addr
 .text.mesh_stop_mesh
                0x00515da0       0x14 C:/Users/Josh/ModusToolbox_1.1/libraries/bt_sdk-1.1/components/BT-SDK/208XX-A1_Bluetooth/WICED/libraries/mesh_core_lib.a(mesh_core.o)
                0x00515da0                mesh_stop_mesh
 .text.wiced_bt_mesh_core_set_seq
                0x00515db4       0x4c C:/Users/Josh/ModusToolbox_1.1/libraries/bt_sdk-1.1/components/BT-SDK/208XX-A1_Bluetooth/WICED/libraries/mesh_core_lib.a(mesh_core.o)
                0x00515db4                wiced_bt_mesh_core_set_seq
 .text.wiced_bt_mesh_core_test_mode_signal
                0x00515e00      0x1c8 C:/Users/Josh/ModusToolbox_1.1/libraries/bt_sdk-1.1/components/BT-SDK/208XX-A1_Bluetooth/WICED/libraries/mesh_core_lib.a(mesh_core.o)
                0x00515e00                wiced_bt_mesh_core_test_mode_signal
 .text.mesh_core_reset
                0x00515fc8      0x13c C:/Users/Josh/ModusToolbox_1.1/libraries/bt_sdk-1.1/components/BT-SDK/208XX-A1_Bluetooth/WICED/libraries/mesh_core_lib.a(mesh_core.o)
                0x00515fc8                mesh_core_reset
 .text.mesh_core_init_ponters
                0x00516104      0x15c C:/Users/Josh/ModusToolbox_1.1/libraries/bt_sdk-1.1/components/BT-SDK/208XX-A1_Bluetooth/WICED/libraries/mesh_core_lib.a(mesh_core.o)
                0x00516104                mesh_core_init_ponters
 .text.wiced_bt_mesh_core_init
                0x00516260      0x204 C:/Users/Josh/ModusToolbox_1.1/libraries/bt_sdk-1.1/components/BT-SDK/208XX-A1_Bluetooth/WICED/libraries/mesh_core_lib.a(mesh_core.o)
                0x00516260                wiced_bt_mesh_core_init
 .text.handle_manufacturer
                0x00516464       0xbc C:/Users/Josh/ModusToolbox_1.1/libraries/bt_sdk-1.1/components/BT-SDK/208XX-A1_Bluetooth/WICED/libraries/mesh_core_lib.a(mesh_core.o)
                0x00516464                handle_manufacturer
 .text.wiced_bt_mesh_core_adv_packet
                0x00516520       0x90 C:/Users/Josh/ModusToolbox_1.1/libraries/bt_sdk-1.1/components/BT-SDK/208XX-A1_Bluetooth/WICED/libraries/mesh_core_lib.a(mesh_core.o)
                0x00516520                wiced_bt_mesh_core_adv_packet
 .text.wiced_bt_mesh_set_raw_scan_response_data
                0x005165b0       0x18 C:/Users/Josh/ModusToolbox_1.1/libraries/bt_sdk-1.1/components/BT-SDK/208XX-A1_Bluetooth/WICED/libraries/mesh_core_lib.a(mesh_core.o)
                0x005165b0                wiced_bt_mesh_set_raw_scan_response_data
 .text.mesh_core_update_sleep
                0x005165c8       0xd4 C:/Users/Josh/ModusToolbox_1.1/libraries/bt_sdk-1.1/components/BT-SDK/208XX-A1_Bluetooth/WICED/libraries/mesh_core_lib.a(mesh_core.o)
                0x005165c8                mesh_core_update_sleep
 .text.pb_transport_timer_start
                0x0051669c       0x50 C:/Users/Josh/ModusToolbox_1.1/libraries/bt_sdk-1.1/components/BT-SDK/208XX-A1_Bluetooth/WICED/libraries/mesh_core_lib.a(pb_transport.o)
                0x0051669c                pb_transport_timer_start
 .text.pb_transport_timer_stop
                0x005166ec       0x20 C:/Users/Josh/ModusToolbox_1.1/libraries/bt_sdk-1.1/components/BT-SDK/208XX-A1_Bluetooth/WICED/libraries/mesh_core_lib.a(pb_transport.o)
                0x005166ec                pb_transport_timer_stop
 .text.pb_transport_find_conn_
                0x0051670c       0x28 C:/Users/Josh/ModusToolbox_1.1/libraries/bt_sdk-1.1/components/BT-SDK/208XX-A1_Bluetooth/WICED/libraries/mesh_core_lib.a(pb_transport.o)
                0x0051670c                pb_transport_find_conn_
 .text.pb_transport_alloc_conn_
                0x00516734       0x5c C:/Users/Josh/ModusToolbox_1.1/libraries/bt_sdk-1.1/components/BT-SDK/208XX-A1_Bluetooth/WICED/libraries/mesh_core_lib.a(pb_transport.o)
                0x00516734                pb_transport_alloc_conn_
 .text.pb_transport_del_conn_
                0x00516790       0x38 C:/Users/Josh/ModusToolbox_1.1/libraries/bt_sdk-1.1/components/BT-SDK/208XX-A1_Bluetooth/WICED/libraries/mesh_core_lib.a(pb_transport.o)
                0x00516790                pb_transport_del_conn_
 .text.pb_crc8_updateBlock
                0x005167c8       0x20 C:/Users/Josh/ModusToolbox_1.1/libraries/bt_sdk-1.1/components/BT-SDK/208XX-A1_Bluetooth/WICED/libraries/mesh_core_lib.a(pb_transport.o)
                0x005167c8                pb_crc8_updateBlock
 .text.pb_transport_handle_frag_
                0x005167e8      0x174 C:/Users/Josh/ModusToolbox_1.1/libraries/bt_sdk-1.1/components/BT-SDK/208XX-A1_Bluetooth/WICED/libraries/mesh_core_lib.a(pb_transport.o)
                0x005167e8                pb_transport_handle_frag_
 .text.pb_transport_close
                0x0051695c       0x3c C:/Users/Josh/ModusToolbox_1.1/libraries/bt_sdk-1.1/components/BT-SDK/208XX-A1_Bluetooth/WICED/libraries/mesh_core_lib.a(pb_transport.o)
                0x0051695c                pb_transport_close
 .text.pb_transport_adv_send_
                0x00516998       0x78 C:/Users/Josh/ModusToolbox_1.1/libraries/bt_sdk-1.1/components/BT-SDK/208XX-A1_Bluetooth/WICED/libraries/mesh_core_lib.a(pb_transport.o)
                0x00516998                pb_transport_adv_send_
 .text.pb_adv_handle_data_
                0x00516a10       0xd4 C:/Users/Josh/ModusToolbox_1.1/libraries/bt_sdk-1.1/components/BT-SDK/208XX-A1_Bluetooth/WICED/libraries/mesh_core_lib.a(pb_transport.o)
                0x00516a10                pb_adv_handle_data_
 .text.pb_transport_split_message_
                0x00516ae4       0xe0 C:/Users/Josh/ModusToolbox_1.1/libraries/bt_sdk-1.1/components/BT-SDK/208XX-A1_Bluetooth/WICED/libraries/mesh_core_lib.a(pb_transport.o)
                0x00516ae4                pb_transport_split_message_
 .text.pb_transport_timer_callback
                0x00516bc4      0x12c C:/Users/Josh/ModusToolbox_1.1/libraries/bt_sdk-1.1/components/BT-SDK/208XX-A1_Bluetooth/WICED/libraries/mesh_core_lib.a(pb_transport.o)
                0x00516bc4                pb_transport_timer_callback
 .text.pb_transport_adv_handle_link_establ_message_
                0x00516cf0      0x184 C:/Users/Josh/ModusToolbox_1.1/libraries/bt_sdk-1.1/components/BT-SDK/208XX-A1_Bluetooth/WICED/libraries/mesh_core_lib.a(pb_transport.o)
                0x00516cf0                pb_transport_adv_handle_link_establ_message_
 .text.pb_adv_link_close
                0x00516e74       0x60 C:/Users/Josh/ModusToolbox_1.1/libraries/bt_sdk-1.1/components/BT-SDK/208XX-A1_Bluetooth/WICED/libraries/mesh_core_lib.a(pb_transport.o)
                0x00516e74                pb_adv_link_close
 .text.pb_adv_send_packet
                0x00516ed4       0x60 C:/Users/Josh/ModusToolbox_1.1/libraries/bt_sdk-1.1/components/BT-SDK/208XX-A1_Bluetooth/WICED/libraries/mesh_core_lib.a(pb_transport.o)
                0x00516ed4                pb_adv_send_packet
 .text.pb_adv_handle_packet
                0x00516f34       0x44 C:/Users/Josh/ModusToolbox_1.1/libraries/bt_sdk-1.1/components/BT-SDK/208XX-A1_Bluetooth/WICED/libraries/mesh_core_lib.a(pb_transport.o)
                0x00516f34                pb_adv_handle_packet
 .text.pb_adv_init
                0x00516f78       0x38 C:/Users/Josh/ModusToolbox_1.1/libraries/bt_sdk-1.1/components/BT-SDK/208XX-A1_Bluetooth/WICED/libraries/mesh_core_lib.a(pb_transport.o)
                0x00516f78                pb_adv_init
 .text.pb_transport_reset
                0x00516fb0       0x40 C:/Users/Josh/ModusToolbox_1.1/libraries/bt_sdk-1.1/components/BT-SDK/208XX-A1_Bluetooth/WICED/libraries/mesh_core_lib.a(pb_transport.o)
                0x00516fb0                pb_transport_reset
 .text.provisioning_alloc_cb
                0x00516ff0       0x28 C:/Users/Josh/ModusToolbox_1.1/libraries/bt_sdk-1.1/components/BT-SDK/208XX-A1_Bluetooth/WICED/libraries/mesh_core_lib.a(provisioning.o)
 .text.provisioning_timer_set
                0x00517018       0x2c C:/Users/Josh/ModusToolbox_1.1/libraries/bt_sdk-1.1/components/BT-SDK/208XX-A1_Bluetooth/WICED/libraries/mesh_core_lib.a(provisioning.o)
                0x00517018                provisioning_timer_set
 .text.provisioning_timer_update
                0x00517044       0x8c C:/Users/Josh/ModusToolbox_1.1/libraries/bt_sdk-1.1/components/BT-SDK/208XX-A1_Bluetooth/WICED/libraries/mesh_core_lib.a(provisioning.o)
                0x00517044                provisioning_timer_update
 .text.pb_del_conn
                0x005170d0       0x40 C:/Users/Josh/ModusToolbox_1.1/libraries/bt_sdk-1.1/components/BT-SDK/208XX-A1_Bluetooth/WICED/libraries/mesh_core_lib.a(provisioning.o)
                0x005170d0                pb_del_conn
 .text.pb_gatt_send_packet
                0x00517110       0x18 C:/Users/Josh/ModusToolbox_1.1/libraries/bt_sdk-1.1/components/BT-SDK/208XX-A1_Bluetooth/WICED/libraries/mesh_core_lib.a(provisioning.o)
                0x00517110                pb_gatt_send_packet
 .text.wiced_bt_mesh_core_provision_started
                0x00517128       0x2c C:/Users/Josh/ModusToolbox_1.1/libraries/bt_sdk-1.1/components/BT-SDK/208XX-A1_Bluetooth/WICED/libraries/mesh_core_lib.a(provisioning.o)
                0x00517128                wiced_bt_mesh_core_provision_started
 .text.wiced_bt_mesh_core_provision_end
                0x00517154       0xd0 C:/Users/Josh/ModusToolbox_1.1/libraries/bt_sdk-1.1/components/BT-SDK/208XX-A1_Bluetooth/WICED/libraries/mesh_core_lib.a(provisioning.o)
                0x00517154                wiced_bt_mesh_core_provision_end
 .text.provisioning_timer_callback
                0x00517224       0x54 C:/Users/Josh/ModusToolbox_1.1/libraries/bt_sdk-1.1/components/BT-SDK/208XX-A1_Bluetooth/WICED/libraries/mesh_core_lib.a(provisioning.o)
                0x00517224                provisioning_timer_callback
 .text.pb_provisioning_authenticate_
                0x00517278       0x70 C:/Users/Josh/ModusToolbox_1.1/libraries/bt_sdk-1.1/components/BT-SDK/208XX-A1_Bluetooth/WICED/libraries/mesh_core_lib.a(provisioning.o)
                0x00517278                pb_provisioning_authenticate_
 .text.provisioning_init
                0x005172e8       0x44 C:/Users/Josh/ModusToolbox_1.1/libraries/bt_sdk-1.1/components/BT-SDK/208XX-A1_Bluetooth/WICED/libraries/mesh_core_lib.a(provisioning.o)
                0x005172e8                provisioning_init
 .text.wiced_bt_mesh_core_provision_server_init
                0x0051732c       0x28 C:/Users/Josh/ModusToolbox_1.1/libraries/bt_sdk-1.1/components/BT-SDK/208XX-A1_Bluetooth/WICED/libraries/mesh_core_lib.a(provisioning.o)
                0x0051732c                wiced_bt_mesh_core_provision_server_init
 .text.pb_adv_link_opened
                0x00517354       0xb0 C:/Users/Josh/ModusToolbox_1.1/libraries/bt_sdk-1.1/components/BT-SDK/208XX-A1_Bluetooth/WICED/libraries/mesh_core_lib.a(provisioning.o)
                0x00517354                pb_adv_link_opened
 .text.pb_adv_link_closed
                0x00517404       0x88 C:/Users/Josh/ModusToolbox_1.1/libraries/bt_sdk-1.1/components/BT-SDK/208XX-A1_Bluetooth/WICED/libraries/mesh_core_lib.a(provisioning.o)
                0x00517404                pb_adv_link_closed
 .text.pb_adv_packet_sent
                0x0051748c       0xb4 C:/Users/Josh/ModusToolbox_1.1/libraries/bt_sdk-1.1/components/BT-SDK/208XX-A1_Bluetooth/WICED/libraries/mesh_core_lib.a(provisioning.o)
                0x0051748c                pb_adv_packet_sent
 .text.check_start
                0x00517540       0x8e C:/Users/Josh/ModusToolbox_1.1/libraries/bt_sdk-1.1/components/BT-SDK/208XX-A1_Bluetooth/WICED/libraries/mesh_core_lib.a(provisioning.o)
                0x00517540                check_start
 *fill*         0x005175ce        0x2 
 .text.pb_transport_gatt_split_cb
                0x005175d0       0x3c C:/Users/Josh/ModusToolbox_1.1/libraries/bt_sdk-1.1/components/BT-SDK/208XX-A1_Bluetooth/WICED/libraries/mesh_core_lib.a(provisioning.o)
                0x005175d0                pb_transport_gatt_split_cb
 .text.provisioning_on_gatt_disconnect
                0x0051760c       0x50 C:/Users/Josh/ModusToolbox_1.1/libraries/bt_sdk-1.1/components/BT-SDK/208XX-A1_Bluetooth/WICED/libraries/mesh_core_lib.a(provisioning.o)
                0x0051760c                provisioning_on_gatt_disconnect
 .text.provisioning_rpr_self_enqueue
                0x0051765c       0x1c C:/Users/Josh/ModusToolbox_1.1/libraries/bt_sdk-1.1/components/BT-SDK/208XX-A1_Bluetooth/WICED/libraries/mesh_core_lib.a(provisioning.o)
                0x0051765c                provisioning_rpr_self_enqueue
 .text.provisioning_rpr_self_dequeue
                0x00517678       0x10 C:/Users/Josh/ModusToolbox_1.1/libraries/bt_sdk-1.1/components/BT-SDK/208XX-A1_Bluetooth/WICED/libraries/mesh_core_lib.a(provisioning.o)
                0x00517678                provisioning_rpr_self_dequeue
 .text.provisioning_rpr_self_clear_queue
                0x00517688       0x18 C:/Users/Josh/ModusToolbox_1.1/libraries/bt_sdk-1.1/components/BT-SDK/208XX-A1_Bluetooth/WICED/libraries/mesh_core_lib.a(provisioning.o)
                0x00517688                provisioning_rpr_self_clear_queue
 .text.provisioning_rpr_self_timer_callback
                0x005176a0       0x6c C:/Users/Josh/ModusToolbox_1.1/libraries/bt_sdk-1.1/components/BT-SDK/208XX-A1_Bluetooth/WICED/libraries/mesh_core_lib.a(provisioning.o)
                0x005176a0                provisioning_rpr_self_timer_callback
 .text.provisioning_rpr_self_enqueue_msg
                0x0051770c       0x88 C:/Users/Josh/ModusToolbox_1.1/libraries/bt_sdk-1.1/components/BT-SDK/208XX-A1_Bluetooth/WICED/libraries/mesh_core_lib.a(provisioning.o)
                0x0051770c                provisioning_rpr_self_enqueue_msg
 .text.wiced_bt_mesh_core_provision_send_packet_
                0x00517794       0x6c C:/Users/Josh/ModusToolbox_1.1/libraries/bt_sdk-1.1/components/BT-SDK/208XX-A1_Bluetooth/WICED/libraries/mesh_core_lib.a(provisioning.o)
                0x00517794                wiced_bt_mesh_core_provision_send_packet_
 .text.provision_handle
                0x00517800      0x3fc C:/Users/Josh/ModusToolbox_1.1/libraries/bt_sdk-1.1/components/BT-SDK/208XX-A1_Bluetooth/WICED/libraries/mesh_core_lib.a(provisioning.o)
                0x00517800                provision_handle
 .text.pb_transport_received_packet
                0x00517bfc       0x34 C:/Users/Josh/ModusToolbox_1.1/libraries/bt_sdk-1.1/components/BT-SDK/208XX-A1_Bluetooth/WICED/libraries/mesh_core_lib.a(provisioning.o)
                0x00517bfc                pb_transport_received_packet
 .text.wiced_bt_mesh_core_provision_gatt_packet
                0x00517c30       0xa8 C:/Users/Josh/ModusToolbox_1.1/libraries/bt_sdk-1.1/components/BT-SDK/208XX-A1_Bluetooth/WICED/libraries/mesh_core_lib.a(provisioning.o)
                0x00517c30                wiced_bt_mesh_core_provision_gatt_packet
 .text.wiced_bt_mesh_core_provision_set_capabilities
                0x00517cd8       0xd0 C:/Users/Josh/ModusToolbox_1.1/libraries/bt_sdk-1.1/components/BT-SDK/208XX-A1_Bluetooth/WICED/libraries/mesh_core_lib.a(provisioning.o)
                0x00517cd8                wiced_bt_mesh_core_provision_set_capabilities
 .text.provisioning_reset
                0x00517da8       0x54 C:/Users/Josh/ModusToolbox_1.1/libraries/bt_sdk-1.1/components/BT-SDK/208XX-A1_Bluetooth/WICED/libraries/mesh_core_lib.a(provisioning.o)
                0x00517da8                provisioning_reset
 .text.ecdh_init_curve
                0x00517dfc        0xc C:/Users/Josh/ModusToolbox_1.1/libraries/bt_sdk-1.1/components/BT-SDK/208XX-A1_Bluetooth/WICED/libraries/mesh_core_lib.a(ecdh.o)
                0x00517dfc                ecdh_init_curve
 .text.memcpy_r
                0x00517e08       0x34 C:/Users/Josh/ModusToolbox_1.1/libraries/bt_sdk-1.1/components/BT-SDK/208XX-A1_Bluetooth/WICED/libraries/mesh_core_lib.a(ecdh.o)
                0x00517e08                memcpy_r
 .text.ecdh_create_pub_key
                0x00517e3c       0x40 C:/Users/Josh/ModusToolbox_1.1/libraries/bt_sdk-1.1/components/BT-SDK/208XX-A1_Bluetooth/WICED/libraries/mesh_core_lib.a(ecdh.o)
                0x00517e3c                ecdh_create_pub_key
 .text.ecdh_calc_secret
                0x00517e7c       0x44 C:/Users/Josh/ModusToolbox_1.1/libraries/bt_sdk-1.1/components/BT-SDK/208XX-A1_Bluetooth/WICED/libraries/mesh_core_lib.a(ecdh.o)
                0x00517e7c                ecdh_calc_secret
 .text.ecdh_validate_pub_key
                0x00517ec0       0xd8 C:/Users/Josh/ModusToolbox_1.1/libraries/bt_sdk-1.1/components/BT-SDK/208XX-A1_Bluetooth/WICED/libraries/mesh_core_lib.a(ecdh.o)
                0x00517ec0                ecdh_validate_pub_key
 .text.mesh_core_create_proxy_svc_advert_r.part.2
                0x00517f98       0x98 C:/Users/Josh/ModusToolbox_1.1/libraries/bt_sdk-1.1/components/BT-SDK/208XX-A1_Bluetooth/WICED/libraries/mesh_core_lib.a(core_aes_ccm.o)
 .text.mesh_core_obfuscation_r
                0x00518030       0x7c C:/Users/Josh/ModusToolbox_1.1/libraries/bt_sdk-1.1/components/BT-SDK/208XX-A1_Bluetooth/WICED/libraries/mesh_core_lib.a(core_aes_ccm.o)
                0x00518030                mesh_core_obfuscation_r
 .text.mesh_core_build_nonce_r
                0x005180ac       0x78 C:/Users/Josh/ModusToolbox_1.1/libraries/bt_sdk-1.1/components/BT-SDK/208XX-A1_Bluetooth/WICED/libraries/mesh_core_lib.a(core_aes_ccm.o)
                0x005180ac                mesh_core_build_nonce_r
 .text.mesh_core_sec_material_decrypt_r.part.1
                0x00518124       0xc0 C:/Users/Josh/ModusToolbox_1.1/libraries/bt_sdk-1.1/components/BT-SDK/208XX-A1_Bluetooth/WICED/libraries/mesh_core_lib.a(core_aes_ccm.o)
 .text.mesh_core_sec_material_decrypt_r
                0x005181e4       0x20 C:/Users/Josh/ModusToolbox_1.1/libraries/bt_sdk-1.1/components/BT-SDK/208XX-A1_Bluetooth/WICED/libraries/mesh_core_lib.a(core_aes_ccm.o)
                0x005181e4                mesh_core_sec_material_decrypt_r
 .text.mesh_core_net_decrypt_r
                0x00518204       0xfc C:/Users/Josh/ModusToolbox_1.1/libraries/bt_sdk-1.1/components/BT-SDK/208XX-A1_Bluetooth/WICED/libraries/mesh_core_lib.a(core_aes_ccm.o)
                0x00518204                mesh_core_net_decrypt_r
 .text.mesh_core_ccm_crypt_nonce_r
                0x00518300       0x7c C:/Users/Josh/ModusToolbox_1.1/libraries/bt_sdk-1.1/components/BT-SDK/208XX-A1_Bluetooth/WICED/libraries/mesh_core_lib.a(core_aes_ccm.o)
                0x00518300                mesh_core_ccm_crypt_nonce_r
 .text.mesh_core_ccm_crypt_r
                0x0051837c       0x7c C:/Users/Josh/ModusToolbox_1.1/libraries/bt_sdk-1.1/components/BT-SDK/208XX-A1_Bluetooth/WICED/libraries/mesh_core_lib.a(core_aes_ccm.o)
                0x0051837c                mesh_core_ccm_crypt_r
 .text.mesh_core_ccm_encrypt_net_r
                0x005183f8       0x58 C:/Users/Josh/ModusToolbox_1.1/libraries/bt_sdk-1.1/components/BT-SDK/208XX-A1_Bluetooth/WICED/libraries/mesh_core_lib.a(core_aes_ccm.o)
                0x005183f8                mesh_core_ccm_encrypt_net_r
 .text.mesh_core_pb_calc_confirmation_r
                0x00518450       0x6c C:/Users/Josh/ModusToolbox_1.1/libraries/bt_sdk-1.1/components/BT-SDK/208XX-A1_Bluetooth/WICED/libraries/mesh_core_lib.a(core_aes_ccm.o)
                0x00518450                mesh_core_pb_calc_confirmation_r
 .text.mesh_core_calc_beacon_auth_r
                0x005184bc       0x60 C:/Users/Josh/ModusToolbox_1.1/libraries/bt_sdk-1.1/components/BT-SDK/208XX-A1_Bluetooth/WICED/libraries/mesh_core_lib.a(core_aes_ccm.o)
                0x005184bc                mesh_core_calc_beacon_auth_r
 .text.mesh_core_iv_update_active_r
                0x0051851c       0x14 C:/Users/Josh/ModusToolbox_1.1/libraries/bt_sdk-1.1/components/BT-SDK/208XX-A1_Bluetooth/WICED/libraries/mesh_core_lib.a(core_aes_ccm.o)
                0x0051851c                mesh_core_iv_update_active_r
 .text.mesh_core_create_secure_network_beacon_r
                0x00518530       0x64 C:/Users/Josh/ModusToolbox_1.1/libraries/bt_sdk-1.1/components/BT-SDK/208XX-A1_Bluetooth/WICED/libraries/mesh_core_lib.a(core_aes_ccm.o)
                0x00518530                mesh_core_create_secure_network_beacon_r
 .text.mesh_core_create_secure_network_advert_r
                0x00518594       0x38 C:/Users/Josh/ModusToolbox_1.1/libraries/bt_sdk-1.1/components/BT-SDK/208XX-A1_Bluetooth/WICED/libraries/mesh_core_lib.a(core_aes_ccm.o)
                0x00518594                mesh_core_create_secure_network_advert_r
 .text.mesh_core_create_proxy_svc_advert_r
                0x005185cc       0x64 C:/Users/Josh/ModusToolbox_1.1/libraries/bt_sdk-1.1/components/BT-SDK/208XX-A1_Bluetooth/WICED/libraries/mesh_core_lib.a(core_aes_ccm.o)
                0x005185cc                mesh_core_create_proxy_svc_advert_r
 .text.mesh_core_update_beacon_r
                0x00518630      0x1cc C:/Users/Josh/ModusToolbox_1.1/libraries/bt_sdk-1.1/components/BT-SDK/208XX-A1_Bluetooth/WICED/libraries/mesh_core_lib.a(core_aes_ccm.o)
                0x00518630                mesh_core_update_beacon_r
 .text.mesh_core_pb_calc_authentication_r
                0x005187fc       0xe4 C:/Users/Josh/ModusToolbox_1.1/libraries/bt_sdk-1.1/components/BT-SDK/208XX-A1_Bluetooth/WICED/libraries/mesh_core_lib.a(core_aes_ccm.o)
                0x005187fc                mesh_core_pb_calc_authentication_r
 .text.mesh_core_pb_calc_session_key
                0x005188e0       0x90 C:/Users/Josh/ModusToolbox_1.1/libraries/bt_sdk-1.1/components/BT-SDK/208XX-A1_Bluetooth/WICED/libraries/mesh_core_lib.a(core_aes_ccm.o)
                0x005188e0                mesh_core_pb_calc_session_key
 .text.mesh_core_pb_check_confirmation_r
                0x00518970       0x38 C:/Users/Josh/ModusToolbox_1.1/libraries/bt_sdk-1.1/components/BT-SDK/208XX-A1_Bluetooth/WICED/libraries/mesh_core_lib.a(core_aes_ccm.o)
                0x00518970                mesh_core_pb_check_confirmation_r
 .text.mesh_core_calc_net_security_r
                0x005189a8       0xb8 C:/Users/Josh/ModusToolbox_1.1/libraries/bt_sdk-1.1/components/BT-SDK/208XX-A1_Bluetooth/WICED/libraries/mesh_core_lib.a(core_aes_ccm.o)
                0x005189a8                mesh_core_calc_net_security_r
 .text.wiced_bt_mesh_core_crypt
                0x00518a60      0x194 C:/Users/Josh/ModusToolbox_1.1/libraries/bt_sdk-1.1/components/BT-SDK/208XX-A1_Bluetooth/WICED/libraries/mesh_core_lib.a(core_aes_ccm.o)
                0x00518a60                wiced_bt_mesh_core_crypt
 .text.lower_transport_layer_timer_stop
                0x00518bf4       0x28 C:/Users/Josh/ModusToolbox_1.1/libraries/bt_sdk-1.1/components/BT-SDK/208XX-A1_Bluetooth/WICED/libraries/mesh_core_lib.a(lower_transport_layer.o)
                0x00518bf4                lower_transport_layer_timer_stop
 .text.lower_transport_layer_timer_start
                0x00518c1c       0xa0 C:/Users/Josh/ModusToolbox_1.1/libraries/bt_sdk-1.1/components/BT-SDK/208XX-A1_Bluetooth/WICED/libraries/mesh_core_lib.a(lower_transport_layer.o)
                0x00518c1c                lower_transport_layer_timer_start
 .text.lower_transport_layer_find_cb_by_ptr
                0x00518cbc       0x30 C:/Users/Josh/ModusToolbox_1.1/libraries/bt_sdk-1.1/components/BT-SDK/208XX-A1_Bluetooth/WICED/libraries/mesh_core_lib.a(lower_transport_layer.o)
                0x00518cbc                lower_transport_layer_find_cb_by_ptr
 .text.lower_transport_layer_find_cb
                0x00518cec       0x44 C:/Users/Josh/ModusToolbox_1.1/libraries/bt_sdk-1.1/components/BT-SDK/208XX-A1_Bluetooth/WICED/libraries/mesh_core_lib.a(lower_transport_layer.o)
                0x00518cec                lower_transport_layer_find_cb
 .text.lower_transport_layer_alloc_cb
                0x00518d30       0x7c C:/Users/Josh/ModusToolbox_1.1/libraries/bt_sdk-1.1/components/BT-SDK/208XX-A1_Bluetooth/WICED/libraries/mesh_core_lib.a(lower_transport_layer.o)
                0x00518d30                lower_transport_layer_alloc_cb
 .text.lower_transport_layer_del_cb_from_array
                0x00518dac       0x3c C:/Users/Josh/ModusToolbox_1.1/libraries/bt_sdk-1.1/components/BT-SDK/208XX-A1_Bluetooth/WICED/libraries/mesh_core_lib.a(lower_transport_layer.o)
                0x00518dac                lower_transport_layer_del_cb_from_array
 .text.lower_transport_layer_cache_valid
                0x00518de8       0x90 C:/Users/Josh/ModusToolbox_1.1/libraries/bt_sdk-1.1/components/BT-SDK/208XX-A1_Bluetooth/WICED/libraries/mesh_core_lib.a(lower_transport_layer.o)
                0x00518de8                lower_transport_layer_cache_valid
 .text.lower_transport_layer_cache_seq_auth
                0x00518e78       0x60 C:/Users/Josh/ModusToolbox_1.1/libraries/bt_sdk-1.1/components/BT-SDK/208XX-A1_Bluetooth/WICED/libraries/mesh_core_lib.a(lower_transport_layer.o)
                0x00518e78                lower_transport_layer_cache_seq_auth
 .text.lower_transport_layer_send_segments
                0x00518ed8       0xd0 C:/Users/Josh/ModusToolbox_1.1/libraries/bt_sdk-1.1/components/BT-SDK/208XX-A1_Bluetooth/WICED/libraries/mesh_core_lib.a(lower_transport_layer.o)
                0x00518ed8                lower_transport_layer_send_segments
 .text.lower_transport_layer_calc_seq_auth
                0x00518fa8       0x16 C:/Users/Josh/ModusToolbox_1.1/libraries/bt_sdk-1.1/components/BT-SDK/208XX-A1_Bluetooth/WICED/libraries/mesh_core_lib.a(lower_transport_layer.o)
                0x00518fa8                lower_transport_layer_calc_seq_auth
 .text.lower_transport_layer_get_seq_zero_from_pdu
                0x00518fbe       0x10 C:/Users/Josh/ModusToolbox_1.1/libraries/bt_sdk-1.1/components/BT-SDK/208XX-A1_Bluetooth/WICED/libraries/mesh_core_lib.a(lower_transport_layer.o)
                0x00518fbe                lower_transport_layer_get_seq_zero_from_pdu
 *fill*         0x00518fce        0x2 
 .text.lower_transport_layer_handle_kr_finish
                0x00518fd0       0x2c C:/Users/Josh/ModusToolbox_1.1/libraries/bt_sdk-1.1/components/BT-SDK/208XX-A1_Bluetooth/WICED/libraries/mesh_core_lib.a(lower_transport_layer.o)
                0x00518fd0                lower_transport_layer_handle_kr_finish
 .text.lower_transport_layer_send_ack
                0x00518ffc       0xa4 C:/Users/Josh/ModusToolbox_1.1/libraries/bt_sdk-1.1/components/BT-SDK/208XX-A1_Bluetooth/WICED/libraries/mesh_core_lib.a(lower_transport_layer.o)
                0x00518ffc                lower_transport_layer_send_ack
 .text.lower_transport_layer_timer_get_action
                0x005190a0       0x9c C:/Users/Josh/ModusToolbox_1.1/libraries/bt_sdk-1.1/components/BT-SDK/208XX-A1_Bluetooth/WICED/libraries/mesh_core_lib.a(lower_transport_layer.o)
                0x005190a0                lower_transport_layer_timer_get_action
 .text.lower_transport_layer_timer_get_to
                0x0051913c       0x6c C:/Users/Josh/ModusToolbox_1.1/libraries/bt_sdk-1.1/components/BT-SDK/208XX-A1_Bluetooth/WICED/libraries/mesh_core_lib.a(lower_transport_layer.o)
                0x0051913c                lower_transport_layer_timer_get_to
 .text.lower_transport_layer_timer_restart
                0x005191a8       0x38 C:/Users/Josh/ModusToolbox_1.1/libraries/bt_sdk-1.1/components/BT-SDK/208XX-A1_Bluetooth/WICED/libraries/mesh_core_lib.a(lower_transport_layer.o)
                0x005191a8                lower_transport_layer_timer_restart
 .text.lower_transport_layer_send_seg_msg
                0x005191e0      0x190 C:/Users/Josh/ModusToolbox_1.1/libraries/bt_sdk-1.1/components/BT-SDK/208XX-A1_Bluetooth/WICED/libraries/mesh_core_lib.a(lower_transport_layer.o)
                0x005191e0                lower_transport_layer_send_seg_msg
 .text.lower_transport_layer_handle_control_message
                0x00519370       0xb8 C:/Users/Josh/ModusToolbox_1.1/libraries/bt_sdk-1.1/components/BT-SDK/208XX-A1_Bluetooth/WICED/libraries/mesh_core_lib.a(lower_transport_layer.o)
                0x00519370                lower_transport_layer_handle_control_message
 .text.lower_transport_layer_is_sending_segments
                0x00519428       0x28 C:/Users/Josh/ModusToolbox_1.1/libraries/bt_sdk-1.1/components/BT-SDK/208XX-A1_Bluetooth/WICED/libraries/mesh_core_lib.a(lower_transport_layer.o)
                0x00519428                lower_transport_layer_is_sending_segments
 .text.lower_transport_layer_del_cb
                0x00519450       0x74 C:/Users/Josh/ModusToolbox_1.1/libraries/bt_sdk-1.1/components/BT-SDK/208XX-A1_Bluetooth/WICED/libraries/mesh_core_lib.a(lower_transport_layer.o)
                0x00519450                lower_transport_layer_del_cb
 .text.lower_transport_layer_on_seg_ack
                0x005194c4       0xd0 C:/Users/Josh/ModusToolbox_1.1/libraries/bt_sdk-1.1/components/BT-SDK/208XX-A1_Bluetooth/WICED/libraries/mesh_core_lib.a(lower_transport_layer.o)
                0x005194c4                lower_transport_layer_on_seg_ack
 .text.lower_transport_layer_on_seg
                0x00519594      0x394 C:/Users/Josh/ModusToolbox_1.1/libraries/bt_sdk-1.1/components/BT-SDK/208XX-A1_Bluetooth/WICED/libraries/mesh_core_lib.a(lower_transport_layer.o)
                0x00519594                lower_transport_layer_on_seg
 .text.lower_transport_layer_handle
                0x00519928      0x340 C:/Users/Josh/ModusToolbox_1.1/libraries/bt_sdk-1.1/components/BT-SDK/208XX-A1_Bluetooth/WICED/libraries/mesh_core_lib.a(lower_transport_layer.o)
                0x00519928                lower_transport_layer_handle
 .text.lower_transport_layer_timer_handle
                0x00519c68       0x98 C:/Users/Josh/ModusToolbox_1.1/libraries/bt_sdk-1.1/components/BT-SDK/208XX-A1_Bluetooth/WICED/libraries/mesh_core_lib.a(lower_transport_layer.o)
                0x00519c68                lower_transport_layer_timer_handle
 .text.lower_transport_layer_timer_callback
                0x00519d00       0x18 C:/Users/Josh/ModusToolbox_1.1/libraries/bt_sdk-1.1/components/BT-SDK/208XX-A1_Bluetooth/WICED/libraries/mesh_core_lib.a(lower_transport_layer.o)
                0x00519d00                lower_transport_layer_timer_callback
 .text.wiced_bt_mesh_core_del_seq
                0x00519d18       0xac C:/Users/Josh/ModusToolbox_1.1/libraries/bt_sdk-1.1/components/BT-SDK/208XX-A1_Bluetooth/WICED/libraries/mesh_core_lib.a(lower_transport_layer.o)
                0x00519d18                wiced_bt_mesh_core_del_seq
 .text.lower_transpor_layer_is_idle
                0x00519dc4       0x30 C:/Users/Josh/ModusToolbox_1.1/libraries/bt_sdk-1.1/components/BT-SDK/208XX-A1_Bluetooth/WICED/libraries/mesh_core_lib.a(lower_transport_layer.o)
                0x00519dc4                lower_transpor_layer_is_idle
 .text.lower_transport_layer_reset
                0x00519df4       0x5c C:/Users/Josh/ModusToolbox_1.1/libraries/bt_sdk-1.1/components/BT-SDK/208XX-A1_Bluetooth/WICED/libraries/mesh_core_lib.a(lower_transport_layer.o)
                0x00519df4                lower_transport_layer_reset
 .text.upper_transport_layer_send
                0x00519e50      0x1c8 C:/Users/Josh/ModusToolbox_1.1/libraries/bt_sdk-1.1/components/BT-SDK/208XX-A1_Bluetooth/WICED/libraries/mesh_core_lib.a(upper_transport_layer.o)
                0x00519e50                upper_transport_layer_send
 .text.upper_transport_layer_send_ctrl
                0x0051a018       0xc8 C:/Users/Josh/ModusToolbox_1.1/libraries/bt_sdk-1.1/components/BT-SDK/208XX-A1_Bluetooth/WICED/libraries/mesh_core_lib.a(upper_transport_layer.o)
                0x0051a018                upper_transport_layer_send_ctrl
 .text.upper_transport_layer_handle_heartbeat
                0x0051a0e0      0x168 C:/Users/Josh/ModusToolbox_1.1/libraries/bt_sdk-1.1/components/BT-SDK/208XX-A1_Bluetooth/WICED/libraries/mesh_core_lib.a(upper_transport_layer.o)
                0x0051a0e0                upper_transport_layer_handle_heartbeat
 .text.key_refresh_start_phase_2_
                0x0051a248       0x70 C:/Users/Josh/ModusToolbox_1.1/libraries/bt_sdk-1.1/components/BT-SDK/208XX-A1_Bluetooth/WICED/libraries/mesh_core_lib.a(key_refresh.o)
                0x0051a248                key_refresh_start_phase_2_
 .text.key_refresh_finish_
                0x0051a2b8      0x1d0 C:/Users/Josh/ModusToolbox_1.1/libraries/bt_sdk-1.1/components/BT-SDK/208XX-A1_Bluetooth/WICED/libraries/mesh_core_lib.a(key_refresh.o)
                0x0051a2b8                key_refresh_finish_
 .text.key_refresh_handle_beacon
                0x0051a488       0x74 C:/Users/Josh/ModusToolbox_1.1/libraries/bt_sdk-1.1/components/BT-SDK/208XX-A1_Bluetooth/WICED/libraries/mesh_core_lib.a(key_refresh.o)
                0x0051a488                key_refresh_handle_beacon
 .text.key_refresh_send_phase_status
                0x0051a4fc       0x4c C:/Users/Josh/ModusToolbox_1.1/libraries/bt_sdk-1.1/components/BT-SDK/208XX-A1_Bluetooth/WICED/libraries/mesh_core_lib.a(key_refresh.o)
                0x0051a4fc                key_refresh_send_phase_status
 .text.key_refresh_handle_phase_get_
                0x0051a548       0x58 C:/Users/Josh/ModusToolbox_1.1/libraries/bt_sdk-1.1/components/BT-SDK/208XX-A1_Bluetooth/WICED/libraries/mesh_core_lib.a(key_refresh.o)
                0x0051a548                key_refresh_handle_phase_get_
 .text.key_refresh_handle_phase_set_
                0x0051a5a0       0xb0 C:/Users/Josh/ModusToolbox_1.1/libraries/bt_sdk-1.1/components/BT-SDK/208XX-A1_Bluetooth/WICED/libraries/mesh_core_lib.a(key_refresh.o)
                0x0051a5a0                key_refresh_handle_phase_set_
 .text.key_refresh_handle
                0x0051a650       0x50 C:/Users/Josh/ModusToolbox_1.1/libraries/bt_sdk-1.1/components/BT-SDK/208XX-A1_Bluetooth/WICED/libraries/mesh_core_lib.a(key_refresh.o)
                0x0051a650                key_refresh_handle
 .text.key_refresh_is_phase2
                0x0051a6a0       0x2c C:/Users/Josh/ModusToolbox_1.1/libraries/bt_sdk-1.1/components/BT-SDK/208XX-A1_Bluetooth/WICED/libraries/mesh_core_lib.a(key_refresh.o)
                0x0051a6a0                key_refresh_is_phase2
 .text.key_refresh_set_phase2
                0x0051a6cc       0xb4 C:/Users/Josh/ModusToolbox_1.1/libraries/bt_sdk-1.1/components/BT-SDK/208XX-A1_Bluetooth/WICED/libraries/mesh_core_lib.a(key_refresh.o)
                0x0051a6cc                key_refresh_set_phase2
 .text.kr_reset
                0x0051a780        0x2 C:/Users/Josh/ModusToolbox_1.1/libraries/bt_sdk-1.1/components/BT-SDK/208XX-A1_Bluetooth/WICED/libraries/mesh_core_lib.a(key_refresh.o)
                0x0051a780                kr_reset
 *fill*         0x0051a782        0x2 
 .text.network_layer_add_filter_r
                0x0051a784       0x3c C:/Users/Josh/ModusToolbox_1.1/libraries/bt_sdk-1.1/components/BT-SDK/208XX-A1_Bluetooth/WICED/libraries/mesh_core_lib.a(network_layer.o)
                0x0051a784                network_layer_add_filter_r
 .text.network_layer_del_filter_r
                0x0051a7c0       0x44 C:/Users/Josh/ModusToolbox_1.1/libraries/bt_sdk-1.1/components/BT-SDK/208XX-A1_Bluetooth/WICED/libraries/mesh_core_lib.a(network_layer.o)
                0x0051a7c0                network_layer_del_filter_r
 .text.network_layer_has_nid_r
                0x0051a804       0x58 C:/Users/Josh/ModusToolbox_1.1/libraries/bt_sdk-1.1/components/BT-SDK/208XX-A1_Bluetooth/WICED/libraries/mesh_core_lib.a(network_layer.o)
                0x0051a804                network_layer_has_nid_r
 .text.network_layer_cache_valid_r
                0x0051a85c       0x64 C:/Users/Josh/ModusToolbox_1.1/libraries/bt_sdk-1.1/components/BT-SDK/208XX-A1_Bluetooth/WICED/libraries/mesh_core_lib.a(network_layer.o)
                0x0051a85c                network_layer_cache_valid_r
 .text.network_layer_handle_parse__r
                0x0051a8c0      0x1e0 C:/Users/Josh/ModusToolbox_1.1/libraries/bt_sdk-1.1/components/BT-SDK/208XX-A1_Bluetooth/WICED/libraries/mesh_core_lib.a(network_layer.o)
                0x0051a8c0                network_layer_handle_parse(long double)
 .text.network_layer_send_prepare__r
                0x0051aaa0       0xd0 C:/Users/Josh/ModusToolbox_1.1/libraries/bt_sdk-1.1/components/BT-SDK/208XX-A1_Bluetooth/WICED/libraries/mesh_core_lib.a(network_layer.o)
                0x0051aaa0                network_layer_send_prepare(long double)
 .text.network_layer_cache_init_r
                0x0051ab70       0x4c C:/Users/Josh/ModusToolbox_1.1/libraries/bt_sdk-1.1/components/BT-SDK/208XX-A1_Bluetooth/WICED/libraries/mesh_core_lib.a(network_layer.o)
                0x0051ab70                network_layer_cache_init_r
 .text.find_netkey__r
                0x0051abbc       0x84 C:/Users/Josh/ModusToolbox_1.1/libraries/bt_sdk-1.1/components/BT-SDK/208XX-A1_Bluetooth/WICED/libraries/mesh_core_lib.a(network_layer.o)
                0x0051abbc                find_netkey(long double)
 .text.network_layer_send_r
                0x0051ac40      0x378 C:/Users/Josh/ModusToolbox_1.1/libraries/bt_sdk-1.1/components/BT-SDK/208XX-A1_Bluetooth/WICED/libraries/mesh_core_lib.a(network_layer.o)
                0x0051ac40                network_layer_send_r
 .text.network_layer_send_filter_status__r
                0x0051afb8       0x74 C:/Users/Josh/ModusToolbox_1.1/libraries/bt_sdk-1.1/components/BT-SDK/208XX-A1_Bluetooth/WICED/libraries/mesh_core_lib.a(network_layer.o)
                0x0051afb8                network_layer_send_filter_status(long double)
 .text.network_layer_handle_proxy_config_msg__r
                0x0051b02c      0x144 C:/Users/Josh/ModusToolbox_1.1/libraries/bt_sdk-1.1/components/BT-SDK/208XX-A1_Bluetooth/WICED/libraries/mesh_core_lib.a(network_layer.o)
                0x0051b02c                network_layer_handle_proxy_config_msg(long double)
 .text.network_layer_send_segments_r
                0x0051b170       0xf0 C:/Users/Josh/ModusToolbox_1.1/libraries/bt_sdk-1.1/components/BT-SDK/208XX-A1_Bluetooth/WICED/libraries/mesh_core_lib.a(network_layer.o)
                0x0051b170                network_layer_send_segments_r
 .text.network_layer_handle_r
                0x0051b260      0x374 C:/Users/Josh/ModusToolbox_1.1/libraries/bt_sdk-1.1/components/BT-SDK/208XX-A1_Bluetooth/WICED/libraries/mesh_core_lib.a(network_layer.o)
                0x0051b260                network_layer_handle_r
 .text.access_layer_send.part.0
                0x0051b5d4      0x1f0 C:/Users/Josh/ModusToolbox_1.1/libraries/bt_sdk-1.1/components/BT-SDK/208XX-A1_Bluetooth/WICED/libraries/mesh_core_lib.a(access_layer.o)
 .text.access_layer_send
                0x0051b7c4       0x2c C:/Users/Josh/ModusToolbox_1.1/libraries/bt_sdk-1.1/components/BT-SDK/208XX-A1_Bluetooth/WICED/libraries/mesh_core_lib.a(access_layer.o)
                0x0051b7c4                access_layer_send
 .text.access_layer_parse_payload
                0x0051b7f0       0x58 C:/Users/Josh/ModusToolbox_1.1/libraries/bt_sdk-1.1/components/BT-SDK/208XX-A1_Bluetooth/WICED/libraries/mesh_core_lib.a(access_layer.o)
                0x0051b7f0                access_layer_parse_payload
 .text.access_layer_handle
                0x0051b848      0x26c C:/Users/Josh/ModusToolbox_1.1/libraries/bt_sdk-1.1/components/BT-SDK/208XX-A1_Bluetooth/WICED/libraries/mesh_core_lib.a(access_layer.o)
                0x0051b848                access_layer_handle
 .text.access_layer_retrans_find
                0x0051bab4       0x18 C:/Users/Josh/ModusToolbox_1.1/libraries/bt_sdk-1.1/components/BT-SDK/208XX-A1_Bluetooth/WICED/libraries/mesh_core_lib.a(access_layer.o)
                0x0051bab4                access_layer_retrans_find
 .text.access_layer_send_complete_callback
                0x0051bacc       0x28 C:/Users/Josh/ModusToolbox_1.1/libraries/bt_sdk-1.1/components/BT-SDK/208XX-A1_Bluetooth/WICED/libraries/mesh_core_lib.a(access_layer.o)
                0x0051bacc                access_layer_send_complete_callback
 .text.access_layer_retrans_free
                0x0051baf4       0x58 C:/Users/Josh/ModusToolbox_1.1/libraries/bt_sdk-1.1/components/BT-SDK/208XX-A1_Bluetooth/WICED/libraries/mesh_core_lib.a(access_layer.o)
                0x0051baf4                access_layer_retrans_free
 .text.access_layer_retrans_timer_callback
                0x0051bb4c       0xd4 C:/Users/Josh/ModusToolbox_1.1/libraries/bt_sdk-1.1/components/BT-SDK/208XX-A1_Bluetooth/WICED/libraries/mesh_core_lib.a(access_layer.o)
                0x0051bb4c                access_layer_retrans_timer_callback
 .text.access_layer_retrans_alloc
                0x0051bc20       0x6c C:/Users/Josh/ModusToolbox_1.1/libraries/bt_sdk-1.1/components/BT-SDK/208XX-A1_Bluetooth/WICED/libraries/mesh_core_lib.a(access_layer.o)
                0x0051bc20                access_layer_retrans_alloc
 .text.wiced_bt_mesh_core_send
                0x0051bc8c      0x258 C:/Users/Josh/ModusToolbox_1.1/libraries/bt_sdk-1.1/components/BT-SDK/208XX-A1_Bluetooth/WICED/libraries/mesh_core_lib.a(access_layer.o)
                0x0051bc8c                wiced_bt_mesh_core_send
 .text.access_layer_is_idle
                0x0051bee4       0x10 C:/Users/Josh/ModusToolbox_1.1/libraries/bt_sdk-1.1/components/BT-SDK/208XX-A1_Bluetooth/WICED/libraries/mesh_core_lib.a(access_layer.o)
                0x0051bee4                access_layer_is_idle
 .text.iv_updt_timer_start
                0x0051bef4       0x94 C:/Users/Josh/ModusToolbox_1.1/libraries/bt_sdk-1.1/components/BT-SDK/208XX-A1_Bluetooth/WICED/libraries/mesh_core_lib.a(iv_updt.o)
                0x0051bef4                iv_updt_timer_start
 .text.iv_updt_update_state
                0x0051bf88       0x90 C:/Users/Josh/ModusToolbox_1.1/libraries/bt_sdk-1.1/components/BT-SDK/208XX-A1_Bluetooth/WICED/libraries/mesh_core_lib.a(iv_updt.o)
                0x0051bf88                iv_updt_update_state
 .text.iv_updt_timer_callback
                0x0051c018       0xec C:/Users/Josh/ModusToolbox_1.1/libraries/bt_sdk-1.1/components/BT-SDK/208XX-A1_Bluetooth/WICED/libraries/mesh_core_lib.a(iv_updt.o)
                0x0051c018                iv_updt_timer_callback
 .text.iv_updt_segments_sent
                0x0051c104       0x4c C:/Users/Josh/ModusToolbox_1.1/libraries/bt_sdk-1.1/components/BT-SDK/208XX-A1_Bluetooth/WICED/libraries/mesh_core_lib.a(iv_updt.o)
                0x0051c104                iv_updt_segments_sent
 .text.iv_updt_check
                0x0051c150       0x80 C:/Users/Josh/ModusToolbox_1.1/libraries/bt_sdk-1.1/components/BT-SDK/208XX-A1_Bluetooth/WICED/libraries/mesh_core_lib.a(iv_updt.o)
                0x0051c150                iv_updt_check
 .text.ivi_recovery_start
                0x0051c1d0       0x44 C:/Users/Josh/ModusToolbox_1.1/libraries/bt_sdk-1.1/components/BT-SDK/208XX-A1_Bluetooth/WICED/libraries/mesh_core_lib.a(iv_updt.o)
                0x0051c1d0                ivi_recovery_start
 .text.iv_updt_handle
                0x0051c214       0xec C:/Users/Josh/ModusToolbox_1.1/libraries/bt_sdk-1.1/components/BT-SDK/208XX-A1_Bluetooth/WICED/libraries/mesh_core_lib.a(iv_updt.o)
                0x0051c214                iv_updt_handle
 .text.ivi_recovery_handle
                0x0051c300       0x94 C:/Users/Josh/ModusToolbox_1.1/libraries/bt_sdk-1.1/components/BT-SDK/208XX-A1_Bluetooth/WICED/libraries/mesh_core_lib.a(iv_updt.o)
                0x0051c300                ivi_recovery_handle
 .text.iv_updt_set_active_state
                0x0051c394       0x14 C:/Users/Josh/ModusToolbox_1.1/libraries/bt_sdk-1.1/components/BT-SDK/208XX-A1_Bluetooth/WICED/libraries/mesh_core_lib.a(iv_updt.o)
                0x0051c394                iv_updt_set_active_state
 .text.iv_updt_init
                0x0051c3a8       0x44 C:/Users/Josh/ModusToolbox_1.1/libraries/bt_sdk-1.1/components/BT-SDK/208XX-A1_Bluetooth/WICED/libraries/mesh_core_lib.a(iv_updt.o)
                0x0051c3a8                iv_updt_init
 .text.iv_updt_reset
                0x0051c3ec       0x3c C:/Users/Josh/ModusToolbox_1.1/libraries/bt_sdk-1.1/components/BT-SDK/208XX-A1_Bluetooth/WICED/libraries/mesh_core_lib.a(iv_updt.o)
                0x0051c3ec                iv_updt_reset
 .text.iv_updt_update_sleep
                0x0051c428       0x3c C:/Users/Josh/ModusToolbox_1.1/libraries/bt_sdk-1.1/components/BT-SDK/208XX-A1_Bluetooth/WICED/libraries/mesh_core_lib.a(iv_updt.o)
                0x0051c428                iv_updt_update_sleep
 .text.foundation_get_subs_num_cb_
                0x0051c464       0x4e C:/Users/Josh/ModusToolbox_1.1/libraries/bt_sdk-1.1/components/BT-SDK/208XX-A1_Bluetooth/WICED/libraries/mesh_core_lib.a(foundation.o)
                0x0051c464                foundation_get_subs_num_cb_
 *fill*         0x0051c4b2        0x2 
 .text.foundation_reset_scan_cb
                0x0051c4b4       0x1c C:/Users/Josh/ModusToolbox_1.1/libraries/bt_sdk-1.1/components/BT-SDK/208XX-A1_Bluetooth/WICED/libraries/mesh_core_lib.a(foundation.o)
                0x0051c4b4                foundation_reset_scan_cb
 .text.foundation_handle_cb_
                0x0051c4d0      0x1a0 C:/Users/Josh/ModusToolbox_1.1/libraries/bt_sdk-1.1/components/BT-SDK/208XX-A1_Bluetooth/WICED/libraries/mesh_core_lib.a(foundation.o)
                0x0051c4d0                foundation_handle_cb_
 .text.wiced_bt_mesh_get_node_config_size
                0x0051c670       0x32 C:/Users/Josh/ModusToolbox_1.1/libraries/bt_sdk-1.1/components/BT-SDK/208XX-A1_Bluetooth/WICED/libraries/mesh_core_lib.a(foundation.o)
                0x0051c670                wiced_bt_mesh_get_node_config_size
 *fill*         0x0051c6a2        0x2 
 .text.foundation_init_int_
                0x0051c6a4      0x168 C:/Users/Josh/ModusToolbox_1.1/libraries/bt_sdk-1.1/components/BT-SDK/208XX-A1_Bluetooth/WICED/libraries/mesh_core_lib.a(foundation.o)
                0x0051c6a4                foundation_init_int_
 .text.foundation_read_config_
                0x0051c80c       0x54 C:/Users/Josh/ModusToolbox_1.1/libraries/bt_sdk-1.1/components/BT-SDK/208XX-A1_Bluetooth/WICED/libraries/mesh_core_lib.a(foundation.o)
                0x0051c80c                foundation_read_config_
 .text.foundation_scan_models
                0x0051c860       0x74 C:/Users/Josh/ModusToolbox_1.1/libraries/bt_sdk-1.1/components/BT-SDK/208XX-A1_Bluetooth/WICED/libraries/mesh_core_lib.a(foundation.o)
                0x0051c860                foundation_scan_models
 .text.foundation_find_appkey_
                0x0051c8d4       0xc8 C:/Users/Josh/ModusToolbox_1.1/libraries/bt_sdk-1.1/components/BT-SDK/208XX-A1_Bluetooth/WICED/libraries/mesh_core_lib.a(foundation.o)
                0x0051c8d4                foundation_find_appkey_
 .text.foundation_opcode_to_model_
                0x0051c99c      0x1b8 C:/Users/Josh/ModusToolbox_1.1/libraries/bt_sdk-1.1/components/BT-SDK/208XX-A1_Bluetooth/WICED/libraries/mesh_core_lib.a(foundation.o)
                0x0051c99c                foundation_opcode_to_model_
 .text.foundation_handle
                0x0051cb54      0x1b4 C:/Users/Josh/ModusToolbox_1.1/libraries/bt_sdk-1.1/components/BT-SDK/208XX-A1_Bluetooth/WICED/libraries/mesh_core_lib.a(foundation.o)
                0x0051cb54                foundation_handle
 .text.foundation_get_init_models_
                0x0051cd08       0xc4 C:/Users/Josh/ModusToolbox_1.1/libraries/bt_sdk-1.1/components/BT-SDK/208XX-A1_Bluetooth/WICED/libraries/mesh_core_lib.a(foundation.o)
                0x0051cd08                foundation_get_init_models_
 .text.foundation_get_subs_num
                0x0051cdcc       0x5c C:/Users/Josh/ModusToolbox_1.1/libraries/bt_sdk-1.1/components/BT-SDK/208XX-A1_Bluetooth/WICED/libraries/mesh_core_lib.a(foundation.o)
                0x0051cdcc                foundation_get_subs_num
 .text.foundation_add_virt_addr
                0x0051ce28       0x60 C:/Users/Josh/ModusToolbox_1.1/libraries/bt_sdk-1.1/components/BT-SDK/208XX-A1_Bluetooth/WICED/libraries/mesh_core_lib.a(foundation.o)
                0x0051ce28                foundation_add_virt_addr
 .text.foundation_find_virt_addr_uuid
                0x0051ce88       0x48 C:/Users/Josh/ModusToolbox_1.1/libraries/bt_sdk-1.1/components/BT-SDK/208XX-A1_Bluetooth/WICED/libraries/mesh_core_lib.a(foundation.o)
                0x0051ce88                foundation_find_virt_addr_uuid
 .text.foundation_add_virt_addr_uuid
                0x0051ced0       0x58 C:/Users/Josh/ModusToolbox_1.1/libraries/bt_sdk-1.1/components/BT-SDK/208XX-A1_Bluetooth/WICED/libraries/mesh_core_lib.a(foundation.o)
                0x0051ced0                foundation_add_virt_addr_uuid
 .text.foundation_period_to_ms
                0x0051cf28       0x38 C:/Users/Josh/ModusToolbox_1.1/libraries/bt_sdk-1.1/components/BT-SDK/208XX-A1_Bluetooth/WICED/libraries/mesh_core_lib.a(foundation.o)
                0x0051cf28                foundation_period_to_ms
 .text.foundation_pub_period_cb
                0x0051cf60       0x4c C:/Users/Josh/ModusToolbox_1.1/libraries/bt_sdk-1.1/components/BT-SDK/208XX-A1_Bluetooth/WICED/libraries/mesh_core_lib.a(foundation.o)
                0x0051cf60                foundation_pub_period_cb
 .text.foundation_pub_timer_callback
                0x0051cfac      0x144 C:/Users/Josh/ModusToolbox_1.1/libraries/bt_sdk-1.1/components/BT-SDK/208XX-A1_Bluetooth/WICED/libraries/mesh_core_lib.a(foundation.o)
                0x0051cfac                foundation_pub_timer_callback
 .text.foundation_pub_init_update_cb
                0x0051d0f0       0x74 C:/Users/Josh/ModusToolbox_1.1/libraries/bt_sdk-1.1/components/BT-SDK/208XX-A1_Bluetooth/WICED/libraries/mesh_core_lib.a(foundation.o)
                0x0051d0f0                foundation_pub_init_update_cb
 .text.foundation_pub_init
                0x0051d164       0x88 C:/Users/Josh/ModusToolbox_1.1/libraries/bt_sdk-1.1/components/BT-SDK/208XX-A1_Bluetooth/WICED/libraries/mesh_core_lib.a(foundation.o)
                0x0051d164                foundation_pub_init
 .text.foundation_init
                0x0051d1ec      0x154 C:/Users/Josh/ModusToolbox_1.1/libraries/bt_sdk-1.1/components/BT-SDK/208XX-A1_Bluetooth/WICED/libraries/mesh_core_lib.a(foundation.o)
                0x0051d1ec                foundation_init
 .text.foundation_reset
                0x0051d340       0x70 C:/Users/Josh/ModusToolbox_1.1/libraries/bt_sdk-1.1/components/BT-SDK/208XX-A1_Bluetooth/WICED/libraries/mesh_core_lib.a(foundation.o)
                0x0051d340                foundation_reset
 .text.foundation_find_subs
                0x0051d3b0       0x7c C:/Users/Josh/ModusToolbox_1.1/libraries/bt_sdk-1.1/components/BT-SDK/208XX-A1_Bluetooth/WICED/libraries/mesh_core_lib.a(foundation.o)
                0x0051d3b0                foundation_find_subs
 .text.foundation_get_earliest_timer_end
                0x0051d42c       0x44 C:/Users/Josh/ModusToolbox_1.1/libraries/bt_sdk-1.1/components/BT-SDK/208XX-A1_Bluetooth/WICED/libraries/mesh_core_lib.a(foundation.o)
                0x0051d42c                foundation_get_earliest_timer_end
 .text.foundation_subs_add_cb
                0x0051d470       0x10 C:/Users/Josh/ModusToolbox_1.1/libraries/bt_sdk-1.1/components/BT-SDK/208XX-A1_Bluetooth/WICED/libraries/mesh_core_lib.a(foundation_cfg_model.o)
                0x0051d470                foundation_subs_add_cb
 .text.foundation_subs_overwr_cb
                0x0051d480        0xa C:/Users/Josh/ModusToolbox_1.1/libraries/bt_sdk-1.1/components/BT-SDK/208XX-A1_Bluetooth/WICED/libraries/mesh_core_lib.a(foundation_cfg_model.o)
                0x0051d480                foundation_subs_overwr_cb
 *fill*         0x0051d48a        0x2 
 .text.foundation_subs_del_cb
                0x0051d48c       0x24 C:/Users/Josh/ModusToolbox_1.1/libraries/bt_sdk-1.1/components/BT-SDK/208XX-A1_Bluetooth/WICED/libraries/mesh_core_lib.a(foundation_cfg_model.o)
                0x0051d48c                foundation_subs_del_cb
 .text.foundation_scan_non_models
                0x0051d4b0       0x6c C:/Users/Josh/ModusToolbox_1.1/libraries/bt_sdk-1.1/components/BT-SDK/208XX-A1_Bluetooth/WICED/libraries/mesh_core_lib.a(foundation_cfg_model.o)
                0x0051d4b0                foundation_scan_non_models
 .text.foundation_find_model_
                0x0051d51c       0x80 C:/Users/Josh/ModusToolbox_1.1/libraries/bt_sdk-1.1/components/BT-SDK/208XX-A1_Bluetooth/WICED/libraries/mesh_core_lib.a(foundation_cfg_model.o)
                0x0051d51c                foundation_find_model_
 .text.foundation_write_config_
                0x0051d59c       0x30 C:/Users/Josh/ModusToolbox_1.1/libraries/bt_sdk-1.1/components/BT-SDK/208XX-A1_Bluetooth/WICED/libraries/mesh_core_lib.a(foundation_cfg_model.o)
                0x0051d59c                foundation_write_config_
 .text.foundation_send_config_publication_status_
                0x0051d5cc       0xc8 C:/Users/Josh/ModusToolbox_1.1/libraries/bt_sdk-1.1/components/BT-SDK/208XX-A1_Bluetooth/WICED/libraries/mesh_core_lib.a(foundation_cfg_model.o)
                0x0051d5cc                foundation_send_config_publication_status_
 .text.foundation_parse_elem_addr_
                0x0051d694       0x20 C:/Users/Josh/ModusToolbox_1.1/libraries/bt_sdk-1.1/components/BT-SDK/208XX-A1_Bluetooth/WICED/libraries/mesh_core_lib.a(foundation_cfg_model.o)
                0x0051d694                foundation_parse_elem_addr_
 .text.foundation_parse_model_
                0x0051d6b4       0x48 C:/Users/Josh/ModusToolbox_1.1/libraries/bt_sdk-1.1/components/BT-SDK/208XX-A1_Bluetooth/WICED/libraries/mesh_core_lib.a(foundation_cfg_model.o)
                0x0051d6b4                foundation_parse_model_
 .text.foundation_parse_addr_
                0x0051d6fc       0x54 C:/Users/Josh/ModusToolbox_1.1/libraries/bt_sdk-1.1/components/BT-SDK/208XX-A1_Bluetooth/WICED/libraries/mesh_core_lib.a(foundation_cfg_model.o)
                0x0051d6fc                foundation_parse_addr_
 .text.handle_config_publication_set_
                0x0051d750      0x1c0 C:/Users/Josh/ModusToolbox_1.1/libraries/bt_sdk-1.1/components/BT-SDK/208XX-A1_Bluetooth/WICED/libraries/mesh_core_lib.a(foundation_cfg_model.o)
                0x0051d750                handle_config_publication_set_
 .text.foundation_send_config_subs_status_
                0x0051d910       0x94 C:/Users/Josh/ModusToolbox_1.1/libraries/bt_sdk-1.1/components/BT-SDK/208XX-A1_Bluetooth/WICED/libraries/mesh_core_lib.a(foundation_cfg_model.o)
                0x0051d910                foundation_send_config_subs_status_
 .text.foundation_send_config_subs_list_
                0x0051d9a4       0xc8 C:/Users/Josh/ModusToolbox_1.1/libraries/bt_sdk-1.1/components/BT-SDK/208XX-A1_Bluetooth/WICED/libraries/mesh_core_lib.a(foundation_cfg_model.o)
                0x0051d9a4                foundation_send_config_subs_list_
 .text.handle_config_subs_get_
                0x0051da6c       0x70 C:/Users/Josh/ModusToolbox_1.1/libraries/bt_sdk-1.1/components/BT-SDK/208XX-A1_Bluetooth/WICED/libraries/mesh_core_lib.a(foundation_cfg_model.o)
                0x0051da6c                handle_config_subs_get_
 .text.foundation_find_subs_
                0x0051dadc       0x26 C:/Users/Josh/ModusToolbox_1.1/libraries/bt_sdk-1.1/components/BT-SDK/208XX-A1_Bluetooth/WICED/libraries/mesh_core_lib.a(foundation_cfg_model.o)
                0x0051dadc                foundation_find_subs_
 *fill*         0x0051db02        0x2 
 .text.handle_config_subs_add_
                0x0051db04       0xec C:/Users/Josh/ModusToolbox_1.1/libraries/bt_sdk-1.1/components/BT-SDK/208XX-A1_Bluetooth/WICED/libraries/mesh_core_lib.a(foundation_cfg_model.o)
                0x0051db04                handle_config_subs_add_
 .text.handle_config_subs_del_
                0x0051dbf0      0x120 C:/Users/Josh/ModusToolbox_1.1/libraries/bt_sdk-1.1/components/BT-SDK/208XX-A1_Bluetooth/WICED/libraries/mesh_core_lib.a(foundation_cfg_model.o)
                0x0051dbf0                handle_config_subs_del_
 .text.handle_config_subs_overwr_
                0x0051dd10      0x104 C:/Users/Josh/ModusToolbox_1.1/libraries/bt_sdk-1.1/components/BT-SDK/208XX-A1_Bluetooth/WICED/libraries/mesh_core_lib.a(foundation_cfg_model.o)
                0x0051dd10                handle_config_subs_overwr_
 .text.handle_config_subs_del_all_
                0x0051de14       0x80 C:/Users/Josh/ModusToolbox_1.1/libraries/bt_sdk-1.1/components/BT-SDK/208XX-A1_Bluetooth/WICED/libraries/mesh_core_lib.a(foundation_cfg_model.o)
                0x0051de14                handle_config_subs_del_all_
 .text.foundation_send_provis_model_app_status_
                0x0051de94       0x94 C:/Users/Josh/ModusToolbox_1.1/libraries/bt_sdk-1.1/components/BT-SDK/208XX-A1_Bluetooth/WICED/libraries/mesh_core_lib.a(foundation_cfg_model.o)
                0x0051de94                foundation_send_provis_model_app_status_
 .text.foundation_find_model_app_
                0x0051df28       0x2a C:/Users/Josh/ModusToolbox_1.1/libraries/bt_sdk-1.1/components/BT-SDK/208XX-A1_Bluetooth/WICED/libraries/mesh_core_lib.a(foundation_cfg_model.o)
                0x0051df28                foundation_find_model_app_
 *fill*         0x0051df52        0x2 
 .text.handle_config_publication_get_
                0x0051df54       0xe8 C:/Users/Josh/ModusToolbox_1.1/libraries/bt_sdk-1.1/components/BT-SDK/208XX-A1_Bluetooth/WICED/libraries/mesh_core_lib.a(foundation_cfg_model.o)
                0x0051df54                handle_config_publication_get_
 .text.handle_provis_model_app_bind_
                0x0051e03c      0x11c C:/Users/Josh/ModusToolbox_1.1/libraries/bt_sdk-1.1/components/BT-SDK/208XX-A1_Bluetooth/WICED/libraries/mesh_core_lib.a(foundation_cfg_model.o)
                0x0051e03c                handle_provis_model_app_bind_
 .text.handle_provis_model_app_unbind_
                0x0051e158       0xfc C:/Users/Josh/ModusToolbox_1.1/libraries/bt_sdk-1.1/components/BT-SDK/208XX-A1_Bluetooth/WICED/libraries/mesh_core_lib.a(foundation_cfg_model.o)
                0x0051e158                handle_provis_model_app_unbind_
 .text.foundation_send_provis_model_app_list_
                0x0051e254       0xc8 C:/Users/Josh/ModusToolbox_1.1/libraries/bt_sdk-1.1/components/BT-SDK/208XX-A1_Bluetooth/WICED/libraries/mesh_core_lib.a(foundation_cfg_model.o)
                0x0051e254                foundation_send_provis_model_app_list_
 .text.handle_provis_model_app_get_
                0x0051e31c       0x6c C:/Users/Josh/ModusToolbox_1.1/libraries/bt_sdk-1.1/components/BT-SDK/208XX-A1_Bluetooth/WICED/libraries/mesh_core_lib.a(foundation_cfg_model.o)
                0x0051e31c                handle_provis_model_app_get_
 .text.wiced_bt_mesh_core_get_publication
                0x0051e388       0x88 C:/Users/Josh/ModusToolbox_1.1/libraries/bt_sdk-1.1/components/BT-SDK/208XX-A1_Bluetooth/WICED/libraries/mesh_core_lib.a(foundation_cfg_model.o)
                0x0051e388                wiced_bt_mesh_core_get_publication
 .text.foundation_crt_node_identity_status_msg
                0x0051e410       0x38 C:/Users/Josh/ModusToolbox_1.1/libraries/bt_sdk-1.1/components/BT-SDK/208XX-A1_Bluetooth/WICED/libraries/mesh_core_lib.a(foundation_crt_msg.o)
                0x0051e410                foundation_crt_node_identity_status_msg
 .text.foundation_heartbeat_crt_publication_status
                0x0051e448       0x74 C:/Users/Josh/ModusToolbox_1.1/libraries/bt_sdk-1.1/components/BT-SDK/208XX-A1_Bluetooth/WICED/libraries/mesh_core_lib.a(foundation_crt_msg.o)
                0x0051e448                foundation_heartbeat_crt_publication_status
 .text.foundation_heartbeat_subscription_count_to_log
                0x0051e4bc       0x1e C:/Users/Josh/ModusToolbox_1.1/libraries/bt_sdk-1.1/components/BT-SDK/208XX-A1_Bluetooth/WICED/libraries/mesh_core_lib.a(foundation_crt_msg.o)
                0x0051e4bc                foundation_heartbeat_subscription_count_to_log
 *fill*         0x0051e4da        0x2 
 .text.foundation_heartbeat_crt_subs_status
                0x0051e4dc       0x74 C:/Users/Josh/ModusToolbox_1.1/libraries/bt_sdk-1.1/components/BT-SDK/208XX-A1_Bluetooth/WICED/libraries/mesh_core_lib.a(foundation_crt_msg.o)
                0x0051e4dc                foundation_heartbeat_crt_subs_status
 .text.key_refresh_crt_key_refresh_phase_status_msg
                0x0051e550       0x2c C:/Users/Josh/ModusToolbox_1.1/libraries/bt_sdk-1.1/components/BT-SDK/208XX-A1_Bluetooth/WICED/libraries/mesh_core_lib.a(foundation_crt_msg.o)
                0x0051e550                key_refresh_crt_key_refresh_phase_status_msg
 .text.foundation_heartbeat_publication_count_to_log
                0x0051e57c       0x28 C:/Users/Josh/ModusToolbox_1.1/libraries/bt_sdk-1.1/components/BT-SDK/208XX-A1_Bluetooth/WICED/libraries/mesh_core_lib.a(foundation_heartbeat.o)
                0x0051e57c                foundation_heartbeat_publication_count_to_log
 .text.foundation_heartbeat_count_from_log
                0x0051e5a4       0x18 C:/Users/Josh/ModusToolbox_1.1/libraries/bt_sdk-1.1/components/BT-SDK/208XX-A1_Bluetooth/WICED/libraries/mesh_core_lib.a(foundation_heartbeat.o)
                0x0051e5a4                foundation_heartbeat_count_from_log
 .text.foundation_heartbeat_period_to_log
                0x0051e5bc       0x14 C:/Users/Josh/ModusToolbox_1.1/libraries/bt_sdk-1.1/components/BT-SDK/208XX-A1_Bluetooth/WICED/libraries/mesh_core_lib.a(foundation_heartbeat.o)
                0x0051e5bc                foundation_heartbeat_period_to_log
 .text.foundation_heartbeat_period_from_log
                0x0051e5d0        0xa C:/Users/Josh/ModusToolbox_1.1/libraries/bt_sdk-1.1/components/BT-SDK/208XX-A1_Bluetooth/WICED/libraries/mesh_core_lib.a(foundation_heartbeat.o)
                0x0051e5d0                foundation_heartbeat_period_from_log
 *fill*         0x0051e5da        0x2 
 .text.foundation_heartbeat_publication_get_active_features